2026-07-02 17:47:13, MOVE, v:1, k:fup@pedra_struct, mode:PICK
2026-07-02 17:49:32, MOVE, v:1, k:fup@pedra_struct, mode:EDIT
2026-07-02 17:53:34, MOVE, v:1, k:fup@pedra_struct, mode:EDIT
2026-07-02 17:59:28, MOVE, v:1, k:fup@pedra_struct, mode:EDIT
2026-07-02 18:55:34, MOVE, v:1, k:fup@pedra_struct, mode:EDIT
2026-07-02 19:03:55, MOVE, v:1, k:fup@pedra_struct, mode:EDIT
2026-07-02 19:06:17, EXEC, v:1, k:fup@pedra_struct, mode:FULL, size:23, fail:COMP
2026-07-02 19:06:50, EXEC, v:1, k:fup@pedra_struct, mode:FULL, rate:0, size:23
2026-07-02 19:09:13, MOVE, v:1, k:fup@pedra_struct, mode:EDIT
2026-07-02 19:06:50, MOVE, v:1, k:fup@pedra_struct, mode:EDIT
2026-07-02 19:12:35, EXEC, v:1, k:fup@pedra_struct, mode:FULL, rate:0, size:24
2026-07-02 19:12:58, EXEC, v:1, k:fup@pedra_struct, mode:FULL, rate:0, size:24
2026-07-02 19:13:38, EXEC, v:1, k:fup@pedra_struct, mode:FULL, size:27, fail:COMP
2026-07-02 19:13:51, EXEC, v:1, k:fup@pedra_struct, mode:FULL, rate:0, size:27
2026-07-02 19:14:16, MOVE, v:1, k:fup@pedra_struct, mode:EDIT
2026-07-02 19:13:50, MOVE, v:1, k:fup@pedra_struct, mode:EDIT
2026-07-02 19:19:24, MOVE, v:1, k:fup@pedra_struct, mode:EDIT
2026-07-02 19:20:09, MOVE, v:1, k:fup@pedra_struct, mode:EDIT
2026-07-02 19:30:58, EXEC, v:1, k:fup@pedra_struct, mode:FULL, rate:0, size:35
2026-07-02 19:32:42, EXEC, v:1, k:fup@pedra_struct, mode:FULL, rate:0
2026-07-02 19:33:08, EXEC, v:1, k:fup@pedra_struct, mode:FULL, rate:0
2026-07-02 19:33:12, MOVE, v:1, k:fup@pedra_struct, mode:BACK
2026-07-02 19:34:09, MOVE, v:1, k:fup@pedra_struct, mode:PICK
2026-07-02 19:33:08, MOVE, v:1, k:fup@pedra_struct, mode:EDIT
2026-07-02 19:36:33, EXEC, v:1, k:fup@pedra_struct, mode:FREE
2026-07-02 19:40:27, MOVE, v:1, k:fup@pedra_struct, mode:PICK
2026-07-02 19:42:01, EXEC, v:1, k:fup@pedra_struct, mode:FULL, rate:0
2026-07-02 19:42:21, EXEC, v:1, k:fup@pedra_struct, mode:FULL, rate:0
2026-07-02 19:42:20, MOVE, v:1, k:fup@pedra_struct, mode:EDIT
2026-07-02 19:43:45, EXEC, v:1, k:fup@pedra_struct, mode:FULL, rate:0
2026-07-02 19:44:11, EXEC, v:1, k:fup@pedra_struct, mode:FULL, rate:0
2026-07-02 19:45:48, MOVE, v:1, k:fup@pedra_struct, mode:BACK
2026-07-02 19:44:11, MOVE, v:1, k:fup@pedra_struct, mode:EDIT
2026-07-02 19:54:33, MOVE, v:1, k:fup@ru, mode:PICK
2026-07-02 20:04:29, EXEC, v:1, k:fup@ru, mode:FULL, rate:0, size:5
2026-07-02 20:04:38, MOVE, v:1, k:fup@ru, mode:BACK
2026-07-02 20:04:45, MOVE, v:1, k:fup@ru, mode:PICK
2026-07-02 20:06:02, EXEC, v:1, k:fup@ru, mode:FULL, rate:0
2026-07-02 20:06:14, EXEC, v:1, k:fup@ru, mode:FULL, rate:0
2026-07-02 20:07:39, MOVE, v:1, k:fup@ru, mode:BACK
2026-07-02 20:07:42, MOVE, v:1, k:fup@ru, mode:PICK
2026-07-02 20:07:46, EXEC, v:1, k:fup@ru, mode:FULL, rate:0
2026-07-02 20:07:45, MOVE, v:1, k:fup@ru, mode:EDIT
2026-07-02 20:08:21, MOVE, v:1, k:fup@pedra_struct, mode:EDIT
2026-07-02 20:08:29, EXEC, v:1, k:fup@ru, mode:FULL, rate:0
2026-07-02 20:08:31, MOVE, v:1, k:fup@ru, mode:BACK
2026-07-02 20:08:36, MOVE, v:1, k:fup@ru, mode:PICK
2026-07-02 20:08:37, MOVE, v:1, k:fup@ru, mode:BACK
2026-07-02 20:08:59, MOVE, v:1, k:fup@ru, mode:PICK
2026-07-02 20:09:03, EXEC, v:1, k:fup@ru, mode:FULL, rate:0
2026-07-02 20:09:06, EXEC, v:1, k:fup@ru, mode:FULL, rate:0
2026-07-02 20:09:16, EXEC, v:1, k:fup@ru, mode:FULL, rate:0
2026-07-02 20:09:24, MOVE, v:1, k:fup@ru, mode:BACK
