2026-04-27 16:45:34, MOVE, v:1, k:fup@final, mode:DOWN
2026-04-27 16:45:36, MOVE, v:1, k:fup@final, mode:PICK
2026-04-27 16:45:34, MOVE, v:1, k:fup@final, mode:EDIT
2026-04-27 16:45:34, MOVE, v:1, k:fup@final, mode:EDIT
2026-04-27 16:49:44, MOVE, v:1, k:fup@final, mode:EDIT
2026-04-27 16:55:08, MOVE, v:1, k:fup@final, mode:EDIT
2026-04-27 17:00:07, MOVE, v:1, k:fup@final, mode:EDIT
2026-04-27 17:01:58, EXEC, v:1, k:fup@final, mode:FULL, rate:20, size:20
2026-04-27 17:04:38, EXEC, v:1, k:fup@final, mode:FULL, rate:20, size:20
2026-04-27 17:04:47, EXEC, v:1, k:fup@final, mode:FULL, rate:20
2026-04-27 17:04:12, MOVE, v:1, k:fup@final, mode:EDIT
2026-04-27 17:04:47, MOVE, v:1, k:fup@final, mode:EDIT
2026-04-27 17:05:51, EXEC, v:1, k:fup@final, mode:FULL, rate:20, size:20
2026-04-27 17:08:44, EXEC, v:1, k:fup@final, mode:FULL, rate:20, size:21
2026-04-27 17:09:39, EXEC, v:1, k:fup@final, mode:FULL, rate:80, size:21
2026-04-27 17:09:59, EXEC, v:1, k:fup@final, mode:FULL, rate:100, size:21
2026-04-27 17:10:10, MOVE, v:1, k:fup@final, mode:BACK
2026-04-27 17:10:18, SELF, v:1, k:fup@final, self:1, rate:100
2026-04-27 17:10:18, MOVE, v:1, k:fup@final, mode:DOWN
2026-04-27 17:10:32, MOVE, v:1, k:fup@semana, mode:DOWN
2026-04-27 17:10:34, MOVE, v:1, k:fup@semana, mode:PICK
2026-04-27 17:10:18, MOVE, v:1, k:fup@final, mode:EDIT
2026-04-27 17:10:18, MOVE, v:1, k:fup@final, mode:EDIT
2026-04-27 17:10:18, MOVE, v:1, k:fup@final, mode:EDIT
2026-04-27 17:10:32, MOVE, v:1, k:fup@semana, mode:EDIT
2026-04-27 17:10:32, MOVE, v:1, k:fup@semana, mode:EDIT
2026-04-27 17:14:56, MOVE, v:1, k:fup@semana, mode:EDIT
2026-04-27 17:18:20, EXEC, v:1, k:fup@semana, mode:FULL, rate:55, size:22
2026-04-27 17:18:15, MOVE, v:1, k:fup@semana, mode:EDIT
2026-04-27 17:18:20, MOVE, v:1, k:fup@semana, mode:EDIT
2026-04-27 17:20:27, EXEC, v:1, k:fup@semana, mode:FULL, rate:85, size:22
2026-04-27 17:21:18, EXEC, v:1, k:fup@semana, mode:FULL, rate:85, size:22
2026-04-27 17:23:15, MOVE, v:1, k:fup@semana, mode:EDIT
2026-04-27 17:21:18, MOVE, v:1, k:fup@semana, mode:EDIT
2026-04-27 17:26:53, EXEC, v:1, k:fup@semana, mode:FULL, rate:85, size:22
2026-04-27 17:27:04, EXEC, v:1, k:fup@semana, mode:FULL, rate:85, size:22
2026-04-27 17:28:16, EXEC, v:1, k:fup@semana, mode:FULL, rate:85, size:18
2026-04-27 17:29:15, EXEC, v:1, k:fup@semana, mode:FULL, rate:85, size:18
2026-04-27 17:30:03, MOVE, v:1, k:fup@semana, mode:EDIT
2026-04-27 17:29:14, MOVE, v:1, k:fup@semana, mode:EDIT
2026-04-27 17:31:08, EXEC, v:1, k:fup@semana, mode:FULL, rate:85, size:20
2026-04-27 17:31:57, EXEC, v:1, k:fup@semana, mode:FULL, rate:85, size:22
2026-04-27 17:33:38, EXEC, v:1, k:fup@semana, mode:FULL, rate:100, size:22
2026-04-27 17:33:37, MOVE, v:1, k:fup@semana, mode:EDIT
2026-04-27 17:33:38, MOVE, v:1, k:fup@semana, mode:EDIT
2026-04-27 17:39:37, MOVE, v:1, k:fup@semana, mode:BACK
2026-04-27 17:39:54, SELF, v:1, k:fup@semana, self:1, rate:100, friend:fredy
2026-04-27 17:39:57, MOVE, v:1, k:fup@varetas, mode:DOWN
2026-04-27 17:39:58, MOVE, v:1, k:fup@varetas, mode:PICK
2026-04-27 17:39:57, MOVE, v:1, k:fup@varetas, mode:EDIT
2026-04-27 17:39:57, MOVE, v:1, k:fup@varetas, mode:EDIT
2026-04-27 17:53:09, MOVE, v:1, k:fup@varetas, mode:BACK
2026-04-27 17:53:13, MOVE, v:1, k:fup@bhaskara, mode:DOWN
2026-04-27 17:53:14, MOVE, v:1, k:fup@bhaskara, mode:PICK
2026-04-27 17:53:13, MOVE, v:1, k:fup@bhaskara, mode:EDIT
2026-04-27 17:53:13, MOVE, v:1, k:fup@bhaskara, mode:EDIT
2026-04-27 17:53:13, MOVE, v:1, k:fup@bhaskara, mode:EDIT
2026-04-27 17:54:46, MOVE, v:1, k:fup@bhaskara, mode:EDIT
2026-04-27 18:00:04, MOVE, v:1, k:fup@bhaskara, mode:EDIT
2026-04-27 18:00:50, EXEC, v:1, k:fup@bhaskara, mode:FULL, rate:0, size:18
2026-04-27 18:03:44, EXEC, v:1, k:fup@bhaskara, mode:FULL, rate:0, size:16
2026-04-27 18:04:11, MOVE, v:1, k:fup@bhaskara, mode:BACK
2026-04-27 18:04:14, MOVE, v:1, k:fup@cortada, mode:DOWN
2026-04-27 18:04:15, MOVE, v:1, k:fup@cortada, mode:PICK
2026-04-27 18:04:46, MOVE, v:1, k:fup@cortada, mode:BACK
2026-04-27 18:05:00, MOVE, v:1, k:fup@goiabas, mode:DOWN
2026-04-27 18:05:01, MOVE, v:1, k:fup@goiabas, mode:PICK
2026-04-27 18:03:42, MOVE, v:1, k:fup@bhaskara, mode:EDIT
2026-04-27 18:03:44, MOVE, v:1, k:fup@bhaskara, mode:EDIT
2026-04-27 18:04:14, MOVE, v:1, k:fup@cortada, mode:EDIT
2026-04-27 18:04:14, MOVE, v:1, k:fup@cortada, mode:EDIT
2026-04-27 18:05:00, MOVE, v:1, k:fup@goiabas, mode:EDIT
2026-04-27 18:05:00, MOVE, v:1, k:fup@goiabas, mode:EDIT
