2026-05-04 16:52:48, MOVE, v:1, k:fup@cortada, mode:PICK
2026-05-04 17:02:06, MOVE, v:1, k:fup@cortada, mode:EDIT
2026-05-04 17:11:44, MOVE, v:1, k:fup@cortada, mode:BACK
2026-05-04 17:15:23, MOVE, v:1, k:fup@mumia, mode:DOWN
2026-05-04 17:15:24, MOVE, v:1, k:fup@mumia, mode:PICK
2026-05-04 17:15:23, MOVE, v:1, k:fup@mumia, mode:EDIT
2026-05-04 17:15:23, MOVE, v:1, k:fup@mumia, mode:EDIT
2026-05-04 17:32:39, MOVE, v:1, k:fup@mumia, mode:EDIT
2026-05-04 17:36:23, EXEC, v:1, k:fup@mumia, mode:FULL, rate:0, size:20
2026-05-04 17:36:40, EXEC, v:1, k:fup@mumia, mode:FULL, rate:44, size:20
2026-05-04 17:37:35, EXEC, v:1, k:fup@mumia, mode:FULL, rate:44, size:20
2026-05-04 17:37:34, MOVE, v:1, k:fup@mumia, mode:EDIT
2026-05-04 17:37:35, MOVE, v:1, k:fup@mumia, mode:EDIT
2026-05-04 17:38:42, EXEC, v:1, k:fup@mumia, mode:FULL, rate:44
2026-05-04 17:38:55, EXEC, v:1, k:fup@mumia, mode:FULL, rate:44, size:20
2026-05-04 17:39:03, EXEC, v:1, k:fup@mumia, mode:FULL, rate:44
2026-05-04 17:39:09, EXEC, v:1, k:fup@mumia, mode:FULL, rate:44, size:18
2026-05-04 17:39:13, EXEC, v:1, k:fup@mumia, mode:FULL, rate:44
2026-05-04 17:40:15, EXEC, v:1, k:fup@mumia, mode:FULL, rate:44, size:18
2026-05-04 17:41:00, EXEC, v:1, k:fup@mumia, mode:FULL, rate:88, size:18
2026-05-04 17:41:21, EXEC, v:1, k:fup@mumia, mode:FULL, rate:88, size:20
2026-05-04 17:41:38, EXEC, v:1, k:fup@mumia, mode:FULL, rate:88, size:20
2026-05-04 17:41:56, EXEC, v:1, k:fup@mumia, mode:FULL, rate:100, size:20
2026-05-04 17:41:57, MOVE, v:1, k:fup@mumia, mode:BACK
2026-05-04 17:42:01, SELF, v:1, k:fup@mumia, self:1, rate:100
2026-05-04 17:42:02, MOVE, v:1, k:fup@mumia, mode:PICK
2026-05-04 17:42:03, MOVE, v:1, k:fup@mumia, mode:BACK
2026-05-04 17:42:20, MOVE, v:1, k:fup@mumia, mode:PICK
2026-05-04 17:42:24, EXEC, v:1, k:fup@mumia, mode:FULL, rate:100
2026-05-04 17:42:24, MOVE, v:1, k:fup@mumia, mode:BACK
2026-05-04 17:42:31, SELF, v:1, k:fup@mumia, self:1, rate:100
2026-05-04 17:42:24, MOVE, v:1, k:fup@mumia, mode:EDIT
2026-05-04 17:41:55, MOVE, v:1, k:fup@mumia, mode:EDIT
2026-05-04 17:43:16, MOVE, v:1, k:fup@mumia, mode:PICK
2026-05-04 17:43:17, EXEC, v:1, k:fup@mumia, mode:FULL, rate:44, size:20
2026-05-04 17:43:26, EXEC, v:1, k:fup@mumia, mode:FULL, size:20, fail:COMP
2026-05-04 17:43:32, EXEC, v:1, k:fup@mumia, mode:FULL, rate:100, size:20
2026-05-04 17:43:33, MOVE, v:1, k:fup@mumia, mode:BACK
2026-05-04 17:43:37, MOVE, v:1, k:fup@meio, mode:DOWN
2026-05-04 17:43:38, MOVE, v:1, k:fup@meio, mode:PICK
2026-05-04 17:43:26, MOVE, v:1, k:fup@mumia, mode:EDIT
2026-05-04 17:43:32, MOVE, v:1, k:fup@mumia, mode:EDIT
2026-05-04 17:43:37, MOVE, v:1, k:fup@meio, mode:EDIT
2026-05-04 17:43:37, MOVE, v:1, k:fup@meio, mode:EDIT
2026-05-04 17:47:42, MOVE, v:1, k:fup@meio, mode:EDIT
2026-05-04 17:47:48, MOVE, v:1, k:fup@meio, mode:EDIT
2026-05-04 17:54:39, MOVE, v:1, k:fup@meio, mode:BACK
2026-05-04 17:55:06, MOVE, v:1, k:fup@loop_i, mode:DOWN
2026-05-04 17:55:07, MOVE, v:1, k:fup@loop_i, mode:PICK
2026-05-04 17:55:06, MOVE, v:1, k:fup@loop_i, mode:EDIT
2026-05-04 17:55:06, MOVE, v:1, k:fup@loop_i, mode:EDIT
2026-05-04 17:57:28, MOVE, v:1, k:fup@loop_i, mode:EDIT
