2026-03-17 16:52:47, MOVE, v:1, k:fup@sobrou, mode:DOWN
2026-03-17 16:52:54, MOVE, v:1, k:fup@sobrou, mode:PICK
2026-03-17 16:53:25, EXEC, v:1, k:fup@sobrou, mode:FULL, rate:100
2026-03-17 16:55:13, MOVE, v:1, k:fup@sobrou, mode:BACK
2026-03-17 16:55:34, SELF, v:1, k:fup@sobrou, self:1, rate:100, study:7
2026-03-17 16:55:37, MOVE, v:1, k:fup@segundos, mode:DOWN
2026-03-17 16:55:38, MOVE, v:1, k:fup@segundos, mode:PICK
2026-03-17 17:10:28, EXEC, v:1, k:fup@segundos, mode:FULL, size:17, fail:COMP
2026-03-17 17:10:41, EXEC, v:1, k:fup@segundos, mode:FULL, rate:0, size:17
2026-03-17 17:10:52, EXEC, v:1, k:fup@segundos, mode:FULL, rate:100, size:17
2026-03-17 17:14:18, MOVE, v:1, k:fup@segundos, mode:BACK
2026-03-17 17:14:29, SELF, v:1, k:fup@segundos, self:1, rate:100
2026-03-17 17:14:34, MOVE, v:1, k:fup@celsius, mode:DOWN
2026-03-17 17:14:35, MOVE, v:1, k:fup@celsius, mode:PICK
2026-03-17 17:18:12, EXEC, v:1, k:fup@celsius, mode:FULL, rate:0, size:13
2026-03-17 17:18:35, EXEC, v:1, k:fup@celsius, mode:FULL, rate:0, size:13
2026-03-17 17:18:41, EXEC, v:1, k:fup@celsius, mode:FULL, rate:100, size:13
2026-03-17 17:18:46, MOVE, v:1, k:fup@celsius, mode:BACK
2026-03-17 17:18:57, SELF, v:1, k:fup@celsius, self:1, rate:100
2026-03-17 17:19:00, MOVE, v:1, k:fup@pintando, mode:DOWN
2026-03-17 17:19:00, MOVE, v:1, k:fup@pintando, mode:PICK
2026-03-17 17:41:41, EXEC, v:1, k:fup@pintando, mode:FULL, rate:0, size:15
2026-03-17 17:42:30, EXEC, v:1, k:fup@pintando, mode:FULL, rate:0, size:14
2026-03-17 17:47:28, EXEC, v:1, k:fup@pintando, mode:FULL, rate:100, size:15
2026-03-17 17:47:35, MOVE, v:1, k:fup@pintando, mode:BACK
2026-03-17 17:47:38, MOVE, v:1, k:fup@pintando, mode:PICK
2026-03-17 17:47:41, MOVE, v:1, k:fup@pintando, mode:BACK
2026-03-17 17:48:08, SELF, v:1, k:fup@pintando, self:1, rate:100
2026-03-17 17:48:12, MOVE, v:1, k:fup@bala, mode:DOWN
2026-03-17 17:48:13, MOVE, v:1, k:fup@bala, mode:PICK
2026-03-17 18:01:12, EXEC, v:1, k:fup@bala, mode:FULL, size:17, fail:COMP
2026-03-17 18:01:18, EXEC, v:1, k:fup@bala, mode:FULL, rate:0, size:16
2026-03-17 18:04:15, EXEC, v:1, k:fup@bala, mode:FULL, size:17, fail:COMP
2026-03-17 18:04:20, EXEC, v:1, k:fup@bala, mode:FULL, rate:0, size:16
2026-03-17 18:05:01, EXEC, v:1, k:fup@bala, mode:FULL, size:18, fail:COMP
2026-03-17 18:05:32, EXEC, v:1, k:fup@bala, mode:FULL, rate:0, size:18
2026-03-17 18:05:41, EXEC, v:1, k:fup@bala, mode:FULL, rate:100, size:18
