2026-06-03 00:02:21, MOVE, v:1, k:fup@lotado, mode:EDIT
2026-06-03 00:09:03, EXEC, v:1, k:fup@lotado, mode:FULL, size:24, fail:COMP
2026-06-03 00:09:23, EXEC, v:1, k:fup@lotado, mode:FULL, rate:0, size:24
2026-06-03 00:10:03, EXEC, v:1, k:fup@lotado, mode:FULL, rate:0, size:24
2026-06-03 00:09:58, MOVE, v:1, k:fup@lotado, mode:EDIT
2026-06-03 00:10:03, MOVE, v:1, k:fup@lotado, mode:EDIT
2026-06-03 00:10:41, EXEC, v:1, k:fup@lotado, mode:FULL, rate:0, size:24
2026-06-03 00:11:01, EXEC, v:1, k:fup@lotado, mode:FULL, rate:33, size:25
2026-06-03 00:14:36, EXEC, v:1, k:fup@lotado, mode:FULL, rate:33, size:26
2026-06-03 00:14:54, MOVE, v:1, k:fup@lotado, mode:PICK
2026-06-03 00:15:27, EXEC, v:1, k:fup@lotado, mode:FULL, rate:66, size:30
2026-06-03 00:15:25, MOVE, v:1, k:fup@lotado, mode:EDIT
2026-06-03 00:15:27, MOVE, v:1, k:fup@lotado, mode:EDIT
2026-06-03 00:20:12, EXEC, v:1, k:fup@lotado, mode:FULL, rate:66, size:25
2026-06-03 00:23:30, MOVE, v:1, k:fup@lotado, mode:BACK
2026-06-03 00:23:37, MOVE, v:1, k:fup@lotado, mode:PICK
2026-06-03 00:23:40, EXEC, v:1, k:fup@lotado, mode:FULL, rate:66
2026-06-03 00:24:17, MOVE, v:1, k:fup@lotado, mode:BACK
2026-06-03 00:24:21, MOVE, v:1, k:fup@sapinho, mode:PICK
2026-06-03 00:24:26, EXEC, v:1, k:fup@sapinho, mode:FULL, rate:0, size:18
2026-06-03 00:24:28, MOVE, v:1, k:fup@sapinho, mode:BACK
2026-06-03 00:24:29, MOVE, v:1, k:fup@sapinho, mode:PICK
2026-06-03 00:20:11, MOVE, v:1, k:fup@lotado, mode:EDIT
2026-06-03 00:23:40, MOVE, v:1, k:fup@lotado, mode:EDIT
2026-06-03 00:24:25, MOVE, v:1, k:fup@sapinho, mode:EDIT
2026-06-03 00:29:29, MOVE, v:1, k:fup@sapinho, mode:EDIT
2026-06-03 00:33:20, MOVE, v:1, k:fup@sapinho, mode:EDIT
2026-06-03 00:52:08, MOVE, v:1, k:fup@sapinho, mode:EDIT
2026-06-03 00:58:59, MOVE, v:1, k:fup@sapinho, mode:EDIT
2026-06-03 01:03:32, MOVE, v:1, k:fup@sapinho, mode:BACK
2026-06-03 01:04:20, MOVE, v:1, k:fup@tazos, mode:DOWN
2026-06-03 01:04:21, MOVE, v:1, k:fup@tazos, mode:PICK
2026-06-03 01:03:08, MOVE, v:1, k:fup@sapinho, mode:EDIT
2026-06-03 01:04:20, MOVE, v:1, k:fup@tazos, mode:EDIT
2026-06-03 01:04:20, MOVE, v:1, k:fup@tazos, mode:EDIT
2026-06-03 01:04:20, MOVE, v:1, k:fup@tazos, mode:EDIT
