2026-04-13 17:06:55, MOVE, v:1, k:eval1@bala, mode:DOWN
2026-04-13 17:06:56, MOVE, v:1, k:eval1@bala, mode:PICK
2026-04-13 17:06:55, MOVE, v:1, k:eval1@bala, mode:EDIT
2026-04-13 17:06:55, MOVE, v:1, k:eval1@bala, mode:EDIT
2026-04-13 17:11:43, MOVE, v:1, k:eval1@bala, mode:EDIT
2026-04-13 17:13:04, EXEC, v:1, k:eval1@bala, mode:FULL, rate:0, size:17
2026-04-13 17:13:23, EXEC, v:1, k:eval1@bala, mode:FULL, rate:0, size:17
2026-04-13 17:13:29, EXEC, v:1, k:eval1@bala, mode:FULL, rate:100, size:17
2026-04-13 17:13:32, MOVE, v:1, k:eval1@bala, mode:BACK
2026-04-13 17:13:37, MOVE, v:1, k:eval1@mumia, mode:DOWN
2026-04-13 17:13:39, MOVE, v:1, k:eval1@mumia, mode:PICK
2026-04-13 17:13:28, MOVE, v:1, k:eval1@bala, mode:EDIT
2026-04-13 17:13:29, MOVE, v:1, k:eval1@bala, mode:EDIT
2026-04-13 17:13:37, MOVE, v:1, k:eval1@mumia, mode:EDIT
2026-04-13 17:13:37, MOVE, v:1, k:eval1@mumia, mode:EDIT
2026-04-13 17:13:37, MOVE, v:1, k:eval1@mumia, mode:EDIT
2026-04-13 17:16:46, MOVE, v:1, k:eval1@mumia, mode:EDIT
2026-04-13 17:18:42, EXEC, v:1, k:eval1@mumia, mode:FULL, rate:0, size:13
2026-04-13 17:19:06, EXEC, v:1, k:eval1@mumia, mode:FULL, rate:0, size:13
2026-04-13 17:20:09, EXEC, v:1, k:eval1@mumia, mode:FULL, rate:0, size:13
2026-04-13 17:20:09, EXEC, v:1, k:eval1@mumia, mode:FULL, rate:0, size:13
2026-04-13 17:20:10, EXEC, v:1, k:eval1@mumia, mode:FULL, rate:0, size:13
2026-04-13 17:20:10, EXEC, v:1, k:eval1@mumia, mode:FULL, rate:0, size:13
2026-04-13 17:20:10, EXEC, v:1, k:eval1@mumia, mode:FULL, rate:0, size:13
2026-04-13 17:20:11, EXEC, v:1, k:eval1@mumia, mode:FULL, rate:0
2026-04-13 17:20:14, MOVE, v:1, k:eval1@mumia, mode:BACK
2026-04-13 17:20:26, MOVE, v:1, k:eval1@mumia, mode:PICK
2026-04-13 17:20:26, EXEC, v:1, k:eval1@mumia, mode:FULL, rate:0
2026-04-13 17:20:27, EXEC, v:1, k:eval1@mumia, mode:FULL, rate:0
2026-04-13 17:20:53, MOVE, v:1, k:eval1@mumia, mode:BACK
2026-04-13 17:21:06, MOVE, v:1, k:eval1@mumia, mode:PICK
2026-04-13 17:21:10, EXEC, v:1, k:eval1@mumia, mode:FULL, rate:0
2026-04-13 17:21:43, MOVE, v:1, k:eval1@mumia, mode:EDIT
2026-04-13 17:21:10, MOVE, v:1, k:eval1@mumia, mode:EDIT
2026-04-13 17:22:48, MOVE, v:1, k:eval1@mumia, mode:BACK
2026-04-13 17:22:51, MOVE, v:1, k:eval1@monica, mode:DOWN
2026-04-13 17:22:54, MOVE, v:1, k:eval1@monica, mode:PICK
2026-04-13 17:22:38, MOVE, v:1, k:eval1@mumia, mode:EDIT
2026-04-13 17:22:51, MOVE, v:1, k:eval1@monica, mode:EDIT
2026-04-13 17:22:51, MOVE, v:1, k:eval1@monica, mode:EDIT
2026-04-13 17:22:51, MOVE, v:1, k:eval1@monica, mode:EDIT
2026-04-13 17:26:46, MOVE, v:1, k:eval1@monica, mode:EDIT
2026-04-13 17:26:55, EXEC, v:1, k:eval1@monica, mode:FULL, rate:0, size:11
2026-04-13 17:27:28, EXEC, v:1, k:eval1@monica, mode:FULL, rate:62, size:15
2026-04-13 17:27:43, EXEC, v:1, k:eval1@monica, mode:FULL, rate:0, size:12
2026-04-13 17:27:50, EXEC, v:1, k:eval1@monica, mode:FULL, rate:62, size:15
2026-04-13 17:28:36, EXEC, v:1, k:eval1@monica, mode:FULL, rate:62, size:15
2026-04-13 17:28:49, EXEC, v:1, k:eval1@monica, mode:FULL, rate:62, size:11
2026-04-13 17:28:48, MOVE, v:1, k:eval1@monica, mode:EDIT
2026-04-13 17:28:49, MOVE, v:1, k:eval1@monica, mode:EDIT
2026-04-13 17:34:04, EXEC, v:1, k:eval1@monica, mode:FULL, rate:62, size:14
2026-04-13 17:35:25, EXEC, v:1, k:eval1@monica, mode:FULL, size:13, fail:COMP
2026-04-13 17:35:34, EXEC, v:1, k:eval1@monica, mode:FULL, size:13, fail:COMP
2026-04-13 17:35:39, EXEC, v:1, k:eval1@monica, mode:FULL, fail:COMP
2026-04-13 17:36:32, EXEC, v:1, k:eval1@monica, mode:FULL, rate:62, size:15
2026-04-13 17:36:45, MOVE, v:1, k:eval1@monica, mode:EDIT
2026-04-13 17:36:32, MOVE, v:1, k:eval1@monica, mode:EDIT
2026-04-13 17:37:06, EXEC, v:1, k:eval1@monica, mode:FULL, rate:79, size:17
2026-04-13 17:38:47, EXEC, v:1, k:eval1@monica, mode:FULL, rate:0, size:13
2026-04-13 17:39:02, EXEC, v:1, k:eval1@monica, mode:FULL, rate:20, size:13
2026-04-13 17:39:28, EXEC, v:1, k:eval1@monica, mode:FULL, rate:33, size:15
2026-04-13 17:39:46, EXEC, v:1, k:eval1@monica, mode:FULL, rate:33, size:17
2026-04-13 17:40:47, EXEC, v:1, k:eval1@monica, mode:FULL, rate:100, size:18
2026-04-13 17:40:51, MOVE, v:1, k:eval1@monica, mode:BACK
2026-04-13 17:40:56, MOVE, v:1, k:eval1@pares, mode:DOWN
2026-04-13 17:40:57, MOVE, v:1, k:eval1@pares, mode:PICK
2026-04-13 17:40:46, MOVE, v:1, k:eval1@monica, mode:EDIT
2026-04-13 17:40:47, MOVE, v:1, k:eval1@monica, mode:EDIT
2026-04-13 17:40:56, MOVE, v:1, k:eval1@pares, mode:EDIT
2026-04-13 17:40:56, MOVE, v:1, k:eval1@pares, mode:EDIT
2026-04-13 17:41:41, MOVE, v:1, k:eval1@pares, mode:EDIT
2026-04-13 17:46:43, MOVE, v:1, k:eval1@pares, mode:EDIT
2026-04-13 17:47:05, EXEC, v:1, k:eval1@pares, mode:FULL, rate:0, size:22
2026-04-13 17:47:19, EXEC, v:1, k:eval1@pares, mode:FULL, rate:0
2026-04-13 17:47:40, EXEC, v:1, k:eval1@pares, mode:FULL, rate:0, size:19
2026-04-13 17:48:09, EXEC, v:1, k:eval1@pares, mode:FULL, rate:0, size:19
2026-04-13 17:50:20, EXEC, v:1, k:eval1@pares, mode:FULL, size:19, fail:COMP
2026-04-13 17:51:04, MOVE, v:1, k:eval1@pares, mode:BACK
2026-04-13 17:51:22, MOVE, v:1, k:eval1@ceu, mode:DOWN
2026-04-13 17:51:23, MOVE, v:1, k:eval1@ceu, mode:PICK
2026-04-13 17:50:35, MOVE, v:1, k:eval1@pares, mode:EDIT
2026-04-13 17:48:06, MOVE, v:1, k:eval1@pares, mode:EDIT
2026-04-13 17:51:22, MOVE, v:1, k:eval1@ceu, mode:EDIT
2026-04-13 17:51:22, MOVE, v:1, k:eval1@ceu, mode:EDIT
2026-04-13 17:56:34, MOVE, v:1, k:eval1@ceu, mode:EDIT
2026-04-13 17:58:58, MOVE, v:1, k:eval1@ceu, mode:BACK
2026-04-13 17:59:04, MOVE, v:1, k:eval1@pares, mode:PICK
2026-04-13 17:59:27, EXEC, v:1, k:eval1@pares, mode:FULL, rate:0, size:19
2026-04-13 17:59:54, EXEC, v:1, k:eval1@pares, mode:FULL, rate:0
2026-04-13 18:00:10, EXEC, v:1, k:eval1@pares, mode:FULL, rate:14, size:14
2026-04-13 18:00:10, MOVE, v:1, k:eval1@pares, mode:EDIT
2026-04-13 18:01:46, MOVE, v:1, k:eval1@pares, mode:EDIT
2026-04-13 18:04:55, MOVE, v:1, k:eval1@pares, mode:BACK
2026-04-13 18:04:38, MOVE, v:1, k:eval1@pares, mode:EDIT
2026-04-13 23:34:18, MOVE, v:1, k:fup@impar, mode:PICK
2026-04-13 23:34:58, MOVE, v:1, k:fup@impar, mode:EDIT
