2026-03-30 17:20:29, MOVE, v:1, k:fup@quebrada, mode:PICK
2026-03-30 17:20:32, EXEC, v:1, k:fup@quebrada, mode:FULL, rate:0
2026-03-30 17:22:37, MOVE, v:1, k:fup@quebrada, mode:BACK
2026-03-30 17:22:44, MOVE, v:1, k:fup@abs, mode:DOWN
2026-03-30 17:22:46, MOVE, v:1, k:fup@abs, mode:PICK
2026-03-30 17:51:59, EXEC, v:1, k:fup@abs, mode:FULL, rate:0, size:17
2026-03-30 17:54:45, EXEC, v:1, k:fup@abs, mode:FULL, rate:0, size:18
2026-03-30 18:00:14, EXEC, v:1, k:fup@abs, mode:FULL, rate:0, size:24
2026-03-30 18:06:02, EXEC, v:1, k:fup@abs, mode:FULL, rate:0
2026-03-30 18:06:05, MOVE, v:1, k:fup@abs, mode:BACK
2026-03-30 18:06:11, MOVE, v:1, k:fup@operacoes, mode:PICK
2026-03-30 18:06:12, EXEC, v:1, k:fup@operacoes, mode:FULL, size:6, fail:COMP
2026-03-30 18:06:27, EXEC, v:1, k:fup@operacoes, mode:FULL, fail:COMP
2026-03-30 18:06:52, EXEC, v:1, k:fup@operacoes, mode:FULL, fail:COMP
2026-03-30 18:07:29, EXEC, v:1, k:fup@operacoes, mode:FULL, fail:COMP
2026-03-30 18:07:30, EXEC, v:1, k:fup@operacoes, mode:FULL, fail:COMP
2026-03-30 18:07:31, EXEC, v:1, k:fup@operacoes, mode:FULL, fail:COMP
2026-03-30 18:08:44, EXEC, v:1, k:fup@operacoes, mode:FULL, fail:COMP
2026-03-30 18:09:06, EXEC, v:1, k:fup@operacoes, mode:FULL, fail:COMP
2026-03-30 18:09:19, EXEC, v:1, k:fup@operacoes, mode:FULL, fail:COMP
2026-03-30 18:09:20, EXEC, v:1, k:fup@operacoes, mode:FULL, fail:COMP
2026-03-30 18:09:20, EXEC, v:1, k:fup@operacoes, mode:FULL, fail:COMP
2026-03-30 18:09:20, EXEC, v:1, k:fup@operacoes, mode:FULL, fail:COMP
2026-03-30 18:09:20, EXEC, v:1, k:fup@operacoes, mode:FULL, fail:COMP
2026-03-30 18:09:21, EXEC, v:1, k:fup@operacoes, mode:FULL, fail:COMP
2026-03-30 18:09:21, EXEC, v:1, k:fup@operacoes, mode:FULL, fail:COMP
2026-03-30 18:09:21, EXEC, v:1, k:fup@operacoes, mode:FULL, fail:COMP
2026-03-30 18:09:21, EXEC, v:1, k:fup@operacoes, mode:FULL, fail:COMP
2026-03-30 18:09:21, EXEC, v:1, k:fup@operacoes, mode:FULL, fail:COMP
2026-03-30 18:09:21, EXEC, v:1, k:fup@operacoes, mode:FULL, fail:COMP
2026-03-30 18:09:21, EXEC, v:1, k:fup@operacoes, mode:FULL, fail:COMP
2026-03-30 18:09:21, EXEC, v:1, k:fup@operacoes, mode:FULL, fail:COMP
2026-03-30 18:09:22, EXEC, v:1, k:fup@operacoes, mode:FULL, fail:COMP
2026-03-30 18:09:22, EXEC, v:1, k:fup@operacoes, mode:FULL, fail:COMP
2026-03-30 18:09:22, EXEC, v:1, k:fup@operacoes, mode:FULL, fail:COMP
2026-03-30 18:09:22, EXEC, v:1, k:fup@operacoes, mode:FULL, fail:COMP
2026-03-30 18:09:22, EXEC, v:1, k:fup@operacoes, mode:FULL, fail:COMP
2026-03-30 18:10:02, MOVE, v:1, k:fup@operacoes, mode:BACK
2026-03-30 18:10:06, MOVE, v:1, k:fup@abs, mode:PICK
2026-03-30 18:10:11, MOVE, v:1, k:fup@abs, mode:BACK
2026-03-30 18:10:14, MOVE, v:1, k:fup@max, mode:DOWN
2026-03-30 18:10:14, MOVE, v:1, k:fup@max, mode:PICK
2026-03-30 18:12:54, EXEC, v:1, k:fup@max, mode:FULL, rate:0, size:15
2026-03-30 18:13:23, EXEC, v:1, k:fup@max, mode:FULL, rate:0, size:16
2026-03-30 18:13:37, MOVE, v:1, k:fup@max, mode:PICK
2026-03-30 18:17:45, EXEC, v:1, k:fup@max, mode:FULL, rate:0, size:15
2026-03-30 18:20:53, MOVE, v:1, k:fup@max, mode:BACK
2026-03-30 18:22:44, MOVE, v:1, k:fup@impar, mode:DOWN
2026-03-30 18:22:45, MOVE, v:1, k:fup@impar, mode:PICK
