2026-05-09 00:01:03, MOVE, v:1, k:fup@filhos, mode:PICK
2026-05-09 00:01:56, EXEC, v:1, k:fup@filhos, mode:FULL, rate:0, size:13
2026-05-09 00:02:17, EXEC, v:1, k:fup@filhos, mode:FULL, rate:0, size:13
2026-05-09 00:02:16, MOVE, v:1, k:fup@filhos, mode:EDIT
2026-05-09 00:02:17, MOVE, v:1, k:fup@filhos, mode:EDIT
2026-05-09 00:03:28, EXEC, v:1, k:fup@filhos, mode:FULL, rate:0
2026-05-09 00:04:00, EXEC, v:1, k:fup@filhos, mode:FULL, rate:0, size:13
2026-05-09 00:04:35, EXEC, v:1, k:fup@filhos, mode:FULL, rate:0, size:13
2026-05-09 00:05:46, EXEC, v:1, k:fup@filhos, mode:FULL, rate:0, size:13
2026-05-09 00:06:09, EXEC, v:1, k:fup@filhos, mode:FULL, rate:0
2026-05-09 00:06:24, EXEC, v:1, k:fup@filhos, mode:FULL, rate:0, size:13
2026-05-09 00:07:51, EXEC, v:1, k:fup@filhos, mode:FULL, rate:0, size:12
2026-05-09 00:07:51, MOVE, v:1, k:fup@filhos, mode:EDIT
2026-05-09 00:08:03, MOVE, v:1, k:fup@filhos, mode:EDIT
2026-05-09 00:10:15, EXEC, v:1, k:fup@filhos, mode:FULL, rate:0, size:13
2026-05-09 00:10:33, EXEC, v:1, k:fup@filhos, mode:FULL, rate:0, size:13
2026-05-09 00:11:08, EXEC, v:1, k:fup@filhos, mode:FULL, size:13, fail:COMP
2026-05-09 00:11:12, EXEC, v:1, k:fup@filhos, mode:FULL, rate:0, size:13
2026-05-09 00:11:47, EXEC, v:1, k:fup@filhos, mode:FULL, rate:0, size:13
2026-05-09 00:12:37, MOVE, v:1, k:fup@filhos, mode:BACK
2026-05-09 00:12:39, MOVE, v:1, k:fup@ceu, mode:DOWN
2026-05-09 00:12:40, MOVE, v:1, k:fup@ceu, mode:PICK
2026-05-09 00:12:01, MOVE, v:1, k:fup@filhos, mode:EDIT
2026-05-09 00:11:47, MOVE, v:1, k:fup@filhos, mode:EDIT
2026-05-09 00:12:39, MOVE, v:1, k:fup@ceu, mode:EDIT
2026-05-09 00:12:39, MOVE, v:1, k:fup@ceu, mode:EDIT
2026-05-09 00:12:39, MOVE, v:1, k:fup@ceu, mode:EDIT
2026-05-09 00:16:39, EXEC, v:1, k:fup@ceu, mode:FULL, rate:20, size:16
2026-05-09 00:16:57, EXEC, v:1, k:fup@ceu, mode:FULL, rate:0, size:17
2026-05-09 00:17:07, EXEC, v:1, k:fup@ceu, mode:FULL, rate:80, size:17
2026-05-09 00:17:54, MOVE, v:1, k:fup@ceu, mode:EDIT
2026-05-09 00:17:07, MOVE, v:1, k:fup@ceu, mode:EDIT
2026-05-09 00:19:02, EXEC, v:1, k:fup@ceu, mode:FULL, rate:80, size:19
2026-05-09 00:19:37, EXEC, v:1, k:fup@ceu, mode:FULL, rate:0, size:19
2026-05-09 00:22:01, EXEC, v:1, k:fup@ceu, mode:FULL, rate:0, size:18
2026-05-09 00:22:54, EXEC, v:1, k:fup@ceu, mode:FULL, rate:0
2026-05-09 00:21:54, MOVE, v:1, k:fup@ceu, mode:EDIT
2026-05-09 00:22:54, MOVE, v:1, k:fup@ceu, mode:EDIT
2026-05-09 00:23:23, EXEC, v:1, k:fup@ceu, mode:FULL, rate:0, size:17
2026-05-09 00:23:30, EXEC, v:1, k:fup@ceu, mode:FULL, rate:80, size:17
2026-05-09 00:23:40, MOVE, v:1, k:fup@ceu, mode:BACK
2026-05-09 00:23:44, SELF, v:1, k:fup@ceu, self:1, rate:80
2026-05-09 00:23:48, MOVE, v:1, k:fup@esconde, mode:DOWN
2026-05-09 00:23:49, MOVE, v:1, k:fup@esconde, mode:PICK
2026-05-09 00:27:40, MOVE, v:1, k:fup@esconde, mode:BACK
2026-05-09 00:28:00, MOVE, v:1, k:fup@zigzag, mode:DOWN
2026-05-09 00:28:00, MOVE, v:1, k:fup@zigzag, mode:PICK
2026-05-09 00:28:01, MOVE, v:1, k:fup@zigzag, mode:BACK
2026-05-09 00:28:02, MOVE, v:1, k:fup@zigzag, mode:PICK
2026-05-09 00:23:30, MOVE, v:1, k:fup@ceu, mode:EDIT
2026-05-09 00:23:30, MOVE, v:1, k:fup@ceu, mode:EDIT
2026-05-09 00:23:48, MOVE, v:1, k:fup@esconde, mode:EDIT
2026-05-09 00:23:48, MOVE, v:1, k:fup@esconde, mode:EDIT
2026-05-09 00:27:38, MOVE, v:1, k:fup@esconde, mode:EDIT
2026-05-09 00:27:59, MOVE, v:1, k:fup@zigzag, mode:EDIT
2026-05-09 00:28:00, MOVE, v:1, k:fup@zigzag, mode:EDIT
