2026-06-19 00:20:08, MOVE, v:1, k:fup@cartas, mode:EDIT
2026-06-19 00:25:08, MOVE, v:1, k:fup@cartas, mode:EDIT
2026-06-19 00:30:08, MOVE, v:1, k:fup@cartas, mode:EDIT
2026-06-19 00:34:55, MOVE, v:1, k:fup@cartas, mode:EDIT
2026-06-19 00:36:10, EXEC, v:1, k:fup@cartas, mode:FULL, size:29, fail:COMP
2026-06-19 00:36:20, EXEC, v:1, k:fup@cartas, mode:FULL, rate:0, size:30
2026-06-19 00:36:40, EXEC, v:1, k:fup@cartas, mode:FULL, rate:0, size:30
2026-06-19 00:37:02, EXEC, v:1, k:fup@cartas, mode:FULL, rate:0, size:30
2026-06-19 00:37:11, EXEC, v:1, k:fup@cartas, mode:FULL, rate:0, size:30
2026-06-19 00:39:39, MOVE, v:1, k:fup@cartas, mode:EDIT
2026-06-19 00:37:11, MOVE, v:1, k:fup@cartas, mode:EDIT
2026-06-19 00:42:16, EXEC, v:1, k:fup@cartas, mode:FULL, size:34, fail:COMP
2026-06-19 00:42:31, EXEC, v:1, k:fup@cartas, mode:FULL, size:31, fail:COMP
2026-06-19 00:42:42, MOVE, v:1, k:fup@cartas, mode:PICK
2026-06-19 00:42:44, EXEC, v:1, k:fup@cartas, mode:FULL, rate:0, size:31
2026-06-19 00:43:01, EXEC, v:1, k:fup@cartas, mode:FULL, rate:20, size:31
2026-06-19 00:44:56, EXEC, v:1, k:fup@cartas, mode:FULL, rate:20, size:31
2026-06-19 00:46:27, EXEC, v:1, k:fup@cartas, mode:FULL, rate:100, size:31
2026-06-19 00:46:41, MOVE, v:1, k:fup@cartas, mode:BACK
2026-06-19 00:46:51, SELF, v:1, k:fup@cartas, self:1, rate:100, concept:1
2026-06-19 00:47:04, SELF, v:1, k:fup@cartas, self:1, rate:100
2026-06-19 00:47:11, MOVE, v:1, k:fup@baruel, mode:PICK
2026-06-19 00:46:27, MOVE, v:1, k:fup@cartas, mode:EDIT
2026-06-19 00:46:27, MOVE, v:1, k:fup@cartas, mode:EDIT
2026-06-19 00:48:52, EXEC, v:1, k:fup@baruel, mode:FULL, rate:0
2026-06-19 00:51:50, EXEC, v:1, k:fup@baruel, mode:FULL, size:39, fail:COMP
2026-06-19 00:48:52, MOVE, v:1, k:fup@baruel, mode:EDIT
2026-06-19 00:52:33, MOVE, v:1, k:fup@baruel, mode:EDIT
2026-06-19 00:55:34, EXEC, v:1, k:fup@baruel, mode:FULL, size:42, fail:COMP
2026-06-19 00:56:31, EXEC, v:1, k:fup@baruel, mode:FULL, size:43, fail:COMP
2026-06-19 00:56:39, EXEC, v:1, k:fup@baruel, mode:FULL, rate:0, size:43
2026-06-19 00:56:36, MOVE, v:1, k:fup@baruel, mode:EDIT
2026-06-19 00:56:39, MOVE, v:1, k:fup@baruel, mode:EDIT
2026-06-19 01:00:30, EXEC, v:1, k:fup@baruel, mode:FULL, rate:0, size:33
2026-06-19 01:00:45, MOVE, v:1, k:fup@baruel, mode:BACK
2026-06-19 01:01:01, MOVE, v:1, k:fup@baruel, mode:PICK
