2026-06-04 03:37:23, MOVE, v:1, k:fup@fatores, mode:PICK
2026-06-04 03:41:47, MOVE, v:1, k:fup@fatores, mode:EDIT
2026-06-04 03:50:47, EXEC, v:1, k:fup@fatores, mode:FULL, rate:0, size:17
2026-06-04 03:51:07, EXEC, v:1, k:fup@fatores, mode:FULL, rate:0, size:16
2026-06-04 03:51:13, MOVE, v:1, k:fup@fatores, mode:EDIT
2026-06-04 03:51:07, MOVE, v:1, k:fup@fatores, mode:EDIT
2026-06-04 03:55:36, EXEC, v:1, k:fup@fatores, mode:FULL, rate:0, size:18
2026-06-04 03:55:38, EXEC, v:1, k:fup@fatores, mode:FULL, rate:0
2026-06-04 03:55:38, EXEC, v:1, k:fup@fatores, mode:FULL, rate:0
2026-06-04 03:55:38, EXEC, v:1, k:fup@fatores, mode:FULL, rate:0
2026-06-04 03:55:38, EXEC, v:1, k:fup@fatores, mode:FULL, rate:0
2026-06-04 03:55:39, EXEC, v:1, k:fup@fatores, mode:FULL, rate:0
2026-06-04 03:55:39, EXEC, v:1, k:fup@fatores, mode:FULL, rate:0
2026-06-04 03:55:35, MOVE, v:1, k:fup@fatores, mode:EDIT
2026-06-04 03:55:39, MOVE, v:1, k:fup@fatores, mode:EDIT
2026-06-04 04:00:08, MOVE, v:1, k:fup@fatores, mode:EDIT
2026-06-04 04:04:03, EXEC, v:1, k:fup@fatores, mode:FULL, rate:0, size:21
2026-06-04 04:04:44, EXEC, v:1, k:fup@fatores, mode:FULL, rate:0, size:23
2026-06-04 04:06:12, MOVE, v:1, k:fup@fatores, mode:EDIT
2026-06-04 04:04:42, MOVE, v:1, k:fup@fatores, mode:EDIT
2026-06-04 04:11:09, EXEC, v:1, k:fup@fatores, mode:FULL, rate:0, size:22
2026-06-04 04:11:06, MOVE, v:1, k:fup@fatores, mode:EDIT
2026-06-04 04:11:07, MOVE, v:1, k:fup@fatores, mode:EDIT
2026-06-04 04:11:25, EXEC, v:1, k:fup@fatores, mode:FULL, rate:0, size:22
2026-06-04 04:11:32, MOVE, v:1, k:fup@fatores, mode:BACK
2026-06-04 04:14:02, MOVE, v:1, k:fup@exemplares, mode:DOWN
2026-06-04 04:14:04, MOVE, v:1, k:fup@parkour, mode:DOWN
2026-06-04 04:14:07, MOVE, v:1, k:fup@intervalada, mode:DOWN
2026-06-04 04:14:08, MOVE, v:1, k:fup@piao, mode:DOWN
2026-06-04 04:14:09, MOVE, v:1, k:fup@jedi, mode:PICK
2026-06-04 04:14:25, MOVE, v:1, k:fup@jedi, mode:BACK
2026-06-04 04:14:27, MOVE, v:1, k:fup@pmg, mode:DOWN
2026-06-04 04:14:28, MOVE, v:1, k:fup@mercantil, mode:DOWN
2026-06-04 04:14:30, MOVE, v:1, k:fup@unhas, mode:DOWN
2026-06-04 04:14:33, MOVE, v:1, k:fup@pedra, mode:DOWN
2026-06-04 04:14:34, MOVE, v:1, k:fup@mmc, mode:DOWN
2026-06-04 04:14:36, MOVE, v:1, k:fup@vivo, mode:DOWN
2026-06-04 04:14:38, MOVE, v:1, k:fup@decompor, mode:DOWN
2026-06-04 04:14:40, MOVE, v:1, k:fup@dominos, mode:DOWN
2026-06-04 04:14:40, MOVE, v:1, k:fup@avesso, mode:DOWN
2026-06-04 04:14:42, MOVE, v:1, k:fup@facil, mode:DOWN
2026-06-04 04:14:44, MOVE, v:1, k:fup@paredes, mode:DOWN
2026-06-04 04:14:45, MOVE, v:1, k:fup@policial, mode:DOWN
2026-06-04 04:14:46, MOVE, v:1, k:fup@vacina, mode:DOWN
2026-06-04 04:14:48, MOVE, v:1, k:fup@indices, mode:DOWN
2026-06-04 04:14:48, MOVE, v:1, k:fup@trilhas, mode:DOWN
2026-06-04 04:14:49, MOVE, v:1, k:fup@multi_mmc, mode:DOWN
2026-06-04 04:14:50, MOVE, v:1, k:fup@agua, mode:DOWN
2026-06-04 04:14:53, MOVE, v:1, k:fup@nervoso, mode:DOWN
2026-06-04 04:14:54, MOVE, v:1, k:fup@senhas, mode:DOWN
2026-06-04 04:14:55, MOVE, v:1, k:fup@palindromo, mode:DOWN
2026-06-04 04:15:59, MOVE, v:1, k:fup@agua, mode:PICK
2026-06-04 04:11:23, MOVE, v:1, k:fup@fatores, mode:EDIT
2026-06-04 04:11:23, MOVE, v:1, k:fup@fatores, mode:EDIT
2026-06-04 04:14:02, MOVE, v:1, k:fup@exemplares, mode:EDIT
2026-06-04 04:14:02, MOVE, v:1, k:fup@exemplares, mode:EDIT
2026-06-04 04:14:02, MOVE, v:1, k:fup@exemplares, mode:EDIT
2026-06-04 04:14:04, MOVE, v:1, k:fup@parkour, mode:EDIT
2026-06-04 04:14:04, MOVE, v:1, k:fup@parkour, mode:EDIT
2026-06-04 04:14:07, MOVE, v:1, k:fup@intervalada, mode:EDIT
2026-06-04 04:14:07, MOVE, v:1, k:fup@intervalada, mode:EDIT
2026-06-04 04:14:08, MOVE, v:1, k:fup@piao, mode:EDIT
2026-06-04 04:14:27, MOVE, v:1, k:fup@pmg, mode:EDIT
2026-06-04 04:14:27, MOVE, v:1, k:fup@pmg, mode:EDIT
2026-06-04 04:14:27, MOVE, v:1, k:fup@pmg, mode:EDIT
2026-06-04 04:14:28, MOVE, v:1, k:fup@mercantil, mode:EDIT
2026-06-04 04:14:28, MOVE, v:1, k:fup@mercantil, mode:EDIT
2026-06-04 04:14:30, MOVE, v:1, k:fup@unhas, mode:EDIT
2026-06-04 04:14:33, MOVE, v:1, k:fup@pedra, mode:EDIT
2026-06-04 04:14:33, MOVE, v:1, k:fup@pedra, mode:EDIT
2026-06-04 04:14:33, MOVE, v:1, k:fup@pedra, mode:EDIT
2026-06-04 04:14:34, MOVE, v:1, k:fup@mmc, mode:EDIT
2026-06-04 04:14:34, MOVE, v:1, k:fup@mmc, mode:EDIT
2026-06-04 04:14:36, MOVE, v:1, k:fup@vivo, mode:EDIT
2026-06-04 04:14:36, MOVE, v:1, k:fup@vivo, mode:EDIT
2026-06-04 04:14:36, MOVE, v:1, k:fup@vivo, mode:EDIT
2026-06-04 04:14:38, MOVE, v:1, k:fup@decompor, mode:EDIT
2026-06-04 04:14:38, MOVE, v:1, k:fup@decompor, mode:EDIT
2026-06-04 04:14:40, MOVE, v:1, k:fup@dominos, mode:EDIT
2026-06-04 04:14:40, MOVE, v:1, k:fup@dominos, mode:EDIT
2026-06-04 04:14:40, MOVE, v:1, k:fup@avesso, mode:EDIT
2026-06-04 04:14:40, MOVE, v:1, k:fup@avesso, mode:EDIT
2026-06-04 04:14:40, MOVE, v:1, k:fup@avesso, mode:EDIT
2026-06-04 04:14:41, MOVE, v:1, k:fup@facil, mode:EDIT
2026-06-04 04:14:44, MOVE, v:1, k:fup@paredes, mode:EDIT
2026-06-04 04:14:45, MOVE, v:1, k:fup@policial, mode:EDIT
2026-06-04 04:14:45, MOVE, v:1, k:fup@policial, mode:EDIT
2026-06-04 04:14:45, MOVE, v:1, k:fup@policial, mode:EDIT
2026-06-04 04:14:46, MOVE, v:1, k:fup@vacina, mode:EDIT
2026-06-04 04:14:46, MOVE, v:1, k:fup@vacina, mode:EDIT
2026-06-04 04:14:47, MOVE, v:1, k:fup@indices, mode:EDIT
2026-06-04 04:14:48, MOVE, v:1, k:fup@indices, mode:EDIT
2026-06-04 04:14:48, MOVE, v:1, k:fup@indices, mode:EDIT
2026-06-04 04:14:48, MOVE, v:1, k:fup@trilhas, mode:EDIT
2026-06-04 04:14:48, MOVE, v:1, k:fup@trilhas, mode:EDIT
2026-06-04 04:14:48, MOVE, v:1, k:fup@trilhas, mode:EDIT
2026-06-04 04:14:49, MOVE, v:1, k:fup@multi_mmc, mode:EDIT
2026-06-04 04:14:50, MOVE, v:1, k:fup@agua, mode:EDIT
2026-06-04 04:14:50, MOVE, v:1, k:fup@agua, mode:EDIT
2026-06-04 04:14:50, MOVE, v:1, k:fup@agua, mode:EDIT
2026-06-04 04:14:53, MOVE, v:1, k:fup@nervoso, mode:EDIT
2026-06-04 04:14:53, MOVE, v:1, k:fup@nervoso, mode:EDIT
2026-06-04 04:14:54, MOVE, v:1, k:fup@senhas, mode:EDIT
2026-06-04 04:14:54, MOVE, v:1, k:fup@senhas, mode:EDIT
2026-06-04 04:14:54, MOVE, v:1, k:fup@senhas, mode:EDIT
2026-06-04 04:14:55, MOVE, v:1, k:fup@palindromo, mode:EDIT
2026-06-04 04:14:55, MOVE, v:1, k:fup@palindromo, mode:EDIT
