2026-06-05 01:08:49, MOVE, v:1, k:fup@chute, mode:PICK
2026-06-05 01:09:11, EXEC, v:1, k:fup@chute, mode:FULL, size:28, fail:COMP
2026-06-05 01:09:33, EXEC, v:1, k:fup@chute, mode:FULL, rate:100, size:28
2026-06-05 01:09:56, MOVE, v:1, k:fup@chute, mode:BACK
2026-06-05 01:10:15, MOVE, v:1, k:fup@primo, mode:DOWN
2026-06-05 01:10:17, MOVE, v:1, k:fup@primo, mode:PICK
2026-06-05 01:11:12, EXEC, v:1, k:fup@primo, mode:FULL, rate:100, size:20
2026-06-05 01:11:14, MOVE, v:1, k:fup@primo, mode:BACK
2026-06-05 01:09:30, MOVE, v:1, k:fup@chute, mode:EDIT
2026-06-05 01:09:33, MOVE, v:1, k:fup@chute, mode:EDIT
2026-06-05 01:10:15, MOVE, v:1, k:fup@primo, mode:EDIT
2026-06-05 01:10:15, MOVE, v:1, k:fup@primo, mode:EDIT
2026-06-05 01:11:12, MOVE, v:1, k:fup@primo, mode:EDIT
2026-06-05 01:11:12, MOVE, v:1, k:fup@primo, mode:EDIT
2026-06-05 01:11:32, MOVE, v:1, k:fup@chaves, mode:DOWN
2026-06-05 01:11:33, MOVE, v:1, k:fup@chaves, mode:PICK
2026-06-05 01:12:36, EXEC, v:1, k:fup@chaves, mode:FULL, rate:0, size:5
2026-06-05 01:11:32, MOVE, v:1, k:fup@chaves, mode:EDIT
2026-06-05 01:11:32, MOVE, v:1, k:fup@chaves, mode:EDIT
2026-06-05 01:12:16, MOVE, v:1, k:fup@chute, mode:EDIT
2026-06-05 01:12:34, MOVE, v:1, k:fup@primo, mode:EDIT
2026-06-05 01:12:36, MOVE, v:1, k:fup@chaves, mode:EDIT
2026-06-05 01:23:08, MOVE, v:1, k:fup@chaves, mode:BACK
2026-06-05 01:23:24, MOVE, v:1, k:fup@botas, mode:PICK
2026-06-05 01:26:17, MOVE, v:1, k:fup@chute, mode:EDIT
2026-06-05 01:29:10, EXEC, v:1, k:fup@botas, mode:FULL, size:6, fail:COMP
2026-06-05 01:29:59, EXEC, v:1, k:fup@botas, mode:FULL, fail:COMP
2026-06-05 01:31:16, MOVE, v:1, k:fup@chute, mode:EDIT
2026-06-05 01:31:29, EXEC, v:1, k:fup@botas, mode:FULL, fail:COMP
2026-06-05 01:31:35, EXEC, v:1, k:fup@botas, mode:FULL, fail:COMP
2026-06-05 01:32:23, EXEC, v:1, k:fup@botas, mode:FULL, fail:COMP
2026-06-05 01:32:44, EXEC, v:1, k:fup@botas, mode:FULL, fail:COMP
2026-06-05 01:33:06, EXEC, v:1, k:fup@botas, mode:FULL, fail:COMP
2026-06-05 01:33:10, MOVE, v:1, k:fup@chute, mode:EDIT
2026-06-05 01:36:55, MOVE, v:1, k:fup@botas, mode:BACK
2026-06-05 01:44:27, MOVE, v:1, k:fup@tazos, mode:PICK
2026-06-05 01:56:17, MOVE, v:1, k:fup@tazos, mode:EDIT
2026-06-05 02:00:30, MOVE, v:1, k:fup@tazos, mode:EDIT
2026-06-05 02:09:37, MOVE, v:1, k:fup@tazos, mode:BACK
2026-06-05 02:09:57, MOVE, v:1, k:fup@tazos, mode:PICK
2026-06-05 02:10:01, MOVE, v:1, k:fup@tazos, mode:BACK
2026-06-05 02:10:53, MOVE, v:1, k:fup@tazos, mode:PICK
2026-06-05 02:30:39, MOVE, v:1, k:fup@tazos, mode:EDIT
2026-06-05 02:35:22, MOVE, v:1, k:fup@tazos, mode:BACK
2026-06-05 02:35:08, MOVE, v:1, k:fup@tazos, mode:EDIT
2026-06-05 02:37:08, MOVE, v:1, k:fup@fila, mode:PICK
2026-06-05 02:52:34, MOVE, v:1, k:fup@fila, mode:BACK
2026-06-05 02:52:42, MOVE, v:1, k:fup@tazos, mode:PICK
