2026-05-18 17:11:42, MOVE, v:1, k:fup@vet_i, mode:PICK
2026-05-18 17:12:48, EXEC, v:1, k:fup@vet_i, mode:FULL, rate:0, size:16
2026-05-18 17:12:43, MOVE, v:1, k:fup@vet_i, mode:EDIT
2026-05-18 17:12:48, MOVE, v:1, k:fup@vet_i, mode:EDIT
2026-05-18 17:15:37, EXEC, v:1, k:fup@vet_i, mode:FULL, rate:0, size:16
2026-05-18 17:16:28, EXEC, v:1, k:fup@vet_i, mode:FULL, rate:0, size:16
2026-05-18 17:17:13, EXEC, v:1, k:fup@vet_i, mode:FULL, rate:0, size:16
2026-05-18 17:17:56, MOVE, v:1, k:fup@vet_i, mode:BACK
2026-05-18 17:18:00, MOVE, v:1, k:fup@vet_ii, mode:DOWN
2026-05-18 17:18:01, MOVE, v:1, k:fup@vet_ii, mode:PICK
2026-05-18 17:17:52, MOVE, v:1, k:fup@vet_i, mode:EDIT
2026-05-18 17:17:13, MOVE, v:1, k:fup@vet_i, mode:EDIT
2026-05-18 17:18:00, MOVE, v:1, k:fup@vet_ii, mode:EDIT
2026-05-18 17:18:00, MOVE, v:1, k:fup@vet_ii, mode:EDIT
2026-05-18 17:21:05, EXEC, v:1, k:fup@vet_ii, mode:FULL, rate:0, size:5
2026-05-18 17:21:10, MOVE, v:1, k:fup@vet_ii, mode:BACK
2026-05-18 17:21:12, MOVE, v:1, k:fup@vet_i, mode:PICK
2026-05-18 17:21:14, EXEC, v:1, k:fup@vet_i, mode:FULL, rate:0, size:16
2026-05-18 17:21:30, EXEC, v:1, k:fup@vet_i, mode:FULL, rate:0, size:16
2026-05-18 17:21:48, EXEC, v:1, k:fup@vet_i, mode:FULL, size:16, fail:COMP
2026-05-18 17:22:10, MOVE, v:1, k:fup@vet_i, mode:PICK
2026-05-18 17:22:11, EXEC, v:1, k:fup@vet_i, mode:FULL, rate:0, size:16
2026-05-18 17:22:12, EXEC, v:1, k:fup@vet_i, mode:FULL, rate:0
2026-05-18 17:26:17, MOVE, v:1, k:fup@vet_i, mode:EDIT
2026-05-18 17:22:12, MOVE, v:1, k:fup@vet_i, mode:EDIT
2026-05-18 17:27:57, EXEC, v:1, k:fup@vet_i, mode:FULL, rate:0, size:18
2026-05-18 17:27:55, MOVE, v:1, k:fup@vet_i, mode:EDIT
2026-05-18 17:27:57, MOVE, v:1, k:fup@vet_i, mode:EDIT
2026-05-18 17:32:33, EXEC, v:1, k:fup@vet_i, mode:FULL, rate:75, size:18
2026-05-18 17:36:13, EXEC, v:1, k:fup@vet_i, mode:FULL, rate:25, size:21
2026-05-18 17:38:20, MOVE, v:1, k:fup@vet_i, mode:PICK
2026-05-18 17:38:23, EXEC, v:1, k:fup@vet_i, mode:FULL, rate:75, size:22
2026-05-18 17:41:08, EXEC, v:1, k:fup@vet_i, mode:FULL, rate:100, size:21
2026-05-18 17:41:17, MOVE, v:1, k:fup@vet_i, mode:BACK
2026-05-18 17:41:21, MOVE, v:1, k:fup@vet_i, mode:PICK
2026-05-18 17:41:07, MOVE, v:1, k:fup@vet_i, mode:EDIT
2026-05-18 17:41:08, MOVE, v:1, k:fup@vet_i, mode:EDIT
2026-05-18 17:41:22, MOVE, v:1, k:fup@vet_i, mode:BACK
2026-05-18 17:41:38, SELF, v:1, k:fup@vet_i, self:1, rate:100, study:12
2026-05-18 17:41:43, MOVE, v:1, k:fup@vet_ii, mode:PICK
2026-05-18 17:44:40, EXEC, v:1, k:fup@vet_ii, mode:FULL, rate:0, size:22
2026-05-18 17:44:48, EXEC, v:1, k:fup@vet_ii, mode:FULL, rate:75, size:22
2026-05-18 17:45:14, EXEC, v:1, k:fup@vet_ii, mode:FULL, rate:100, size:22
2026-05-18 17:45:22, MOVE, v:1, k:fup@vet_ii, mode:BACK
2026-05-18 17:45:26, SELF, v:1, k:fup@vet_ii, self:1, rate:100
2026-05-18 17:45:31, MOVE, v:1, k:fup@vet_iii, mode:DOWN
2026-05-18 17:45:32, MOVE, v:1, k:fup@vet_iii, mode:PICK
2026-05-18 17:45:14, MOVE, v:1, k:fup@vet_ii, mode:EDIT
2026-05-18 17:45:14, MOVE, v:1, k:fup@vet_ii, mode:EDIT
2026-05-18 17:45:31, MOVE, v:1, k:fup@vet_iii, mode:EDIT
2026-05-18 17:45:31, MOVE, v:1, k:fup@vet_iii, mode:EDIT
2026-05-18 17:46:08, MOVE, v:1, k:fup@vet_iii, mode:EDIT
2026-05-18 17:48:47, EXEC, v:1, k:fup@vet_iii, mode:FULL, rate:0, size:18
2026-05-18 17:50:10, EXEC, v:1, k:fup@vet_iii, mode:FULL, rate:0, size:22
2026-05-18 17:50:13, EXEC, v:1, k:fup@vet_iii, mode:FULL, rate:0, size:22
2026-05-18 17:50:50, MOVE, v:1, k:fup@vet_iii, mode:EDIT
2026-05-18 17:50:13, MOVE, v:1, k:fup@vet_iii, mode:EDIT
2026-05-18 17:54:05, EXEC, v:1, k:fup@vet_iii, mode:FULL, rate:0, size:22
2026-05-18 17:54:10, EXEC, v:1, k:fup@vet_iii, mode:FULL, rate:25, size:22
2026-05-18 17:54:42, EXEC, v:1, k:fup@vet_iii, mode:FULL, rate:25, size:22
2026-05-18 17:54:53, EXEC, v:1, k:fup@vet_iii, mode:FULL, rate:25, size:22
2026-05-18 17:55:29, MOVE, v:1, k:fup@vet_iii, mode:EDIT
2026-05-18 17:54:53, MOVE, v:1, k:fup@vet_iii, mode:EDIT
2026-05-18 17:57:16, EXEC, v:1, k:fup@vet_iii, mode:FULL, rate:50, size:22
2026-05-18 17:57:29, EXEC, v:1, k:fup@vet_iii, mode:FULL, rate:25, size:22
2026-05-18 17:57:36, EXEC, v:1, k:fup@vet_iii, mode:FULL, rate:50, size:22
2026-05-18 17:57:51, EXEC, v:1, k:fup@vet_iii, mode:FULL, rate:25, size:22
2026-05-18 18:01:16, EXEC, v:1, k:fup@vet_iii, mode:FULL, rate:50, size:22
2026-05-18 18:01:15, MOVE, v:1, k:fup@vet_iii, mode:EDIT
2026-05-18 18:01:15, MOVE, v:1, k:fup@vet_iii, mode:EDIT
2026-05-18 18:02:42, EXEC, v:1, k:fup@vet_iii, mode:FULL, rate:50, size:22
2026-05-18 18:02:47, EXEC, v:1, k:fup@vet_iii, mode:FULL, rate:50, size:22
2026-05-18 18:03:22, EXEC, v:1, k:fup@vet_iii, mode:FULL, rate:25, size:22
2026-05-18 18:06:12, MOVE, v:1, k:fup@vet_iii, mode:EDIT
2026-05-18 18:03:22, MOVE, v:1, k:fup@vet_iii, mode:EDIT
2026-05-18 18:08:41, EXEC, v:1, k:fup@vet_iii, mode:FULL, rate:25, size:26
2026-05-18 18:11:02, EXEC, v:1, k:fup@vet_iii, mode:FULL, rate:50, size:26
2026-05-18 18:11:14, EXEC, v:1, k:fup@vet_iii, mode:FULL, rate:100, size:26
2026-05-18 18:11:11, MOVE, v:1, k:fup@vet_iii, mode:EDIT
2026-05-18 18:11:14, MOVE, v:1, k:fup@vet_iii, mode:EDIT
2026-05-18 18:12:19, MOVE, v:1, k:fup@vet_iii, mode:BACK
2026-05-18 18:12:25, SELF, v:1, k:fup@vet_iii, self:1, rate:100
2026-05-18 18:12:38, MOVE, v:1, k:fup@apertada, mode:DOWN
2026-05-18 18:12:39, MOVE, v:1, k:fup@apertada, mode:PICK
2026-05-18 18:11:37, MOVE, v:1, k:fup@vet_iii, mode:EDIT
2026-05-18 18:12:38, MOVE, v:1, k:fup@apertada, mode:EDIT
2026-05-18 18:12:38, MOVE, v:1, k:fup@apertada, mode:EDIT
2026-05-18 18:15:28, MOVE, v:1, k:fup@apertada, mode:EDIT
