2026-05-03 15:26:40, MOVE, v:1, k:fup@divisiveis, mode:DOWN
2026-05-03 15:26:41, MOVE, v:1, k:fup@divisiveis, mode:PICK
2026-05-03 15:29:03, EXEC, v:1, k:fup@divisiveis, mode:FULL, rate:37, size:13
2026-05-03 15:30:16, EXEC, v:1, k:fup@divisiveis, mode:FULL, rate:0, size:16
2026-05-03 15:26:40, MOVE, v:1, k:fup@divisiveis, mode:EDIT
2026-05-03 15:26:40, MOVE, v:1, k:fup@divisiveis, mode:EDIT
2026-05-03 15:30:41, MOVE, v:1, k:fup@divisiveis, mode:EDIT
2026-05-03 15:30:16, MOVE, v:1, k:fup@divisiveis, mode:EDIT
2026-05-03 15:31:51, EXEC, v:1, k:fup@divisiveis, mode:FULL, rate:50, size:13
2026-05-03 15:32:34, EXEC, v:1, k:fup@divisiveis, mode:FULL, rate:62, size:13
2026-05-03 15:33:05, EXEC, v:1, k:fup@divisiveis, mode:FULL, rate:100, size:13
2026-05-03 15:33:22, MOVE, v:1, k:fup@divisiveis, mode:BACK
2026-05-03 15:33:30, MOVE, v:1, k:fup@loops, mode:DOWN
2026-05-03 15:33:31, MOVE, v:1, k:fup@loops, mode:PICK
2026-05-03 15:33:30, MOVE, v:1, k:fup@loops, mode:EDIT
2026-05-03 15:33:30, MOVE, v:1, k:fup@loops, mode:EDIT
2026-05-03 15:34:43, MOVE, v:1, k:fup@loops, mode:EDIT
2026-05-03 15:40:05, MOVE, v:1, k:fup@loops, mode:BACK
2026-05-03 15:40:10, MOVE, v:1, k:fup@bundona, mode:DOWN
2026-05-03 15:40:11, MOVE, v:1, k:fup@bundona, mode:PICK
2026-05-03 15:39:27, MOVE, v:1, k:fup@loops, mode:EDIT
2026-05-03 15:40:10, MOVE, v:1, k:fup@bundona, mode:EDIT
2026-05-03 15:40:10, MOVE, v:1, k:fup@bundona, mode:EDIT
2026-05-03 15:41:58, MOVE, v:1, k:fup@bundona, mode:BACK
2026-05-03 15:42:04, MOVE, v:1, k:fup@omeletao, mode:DOWN
2026-05-03 15:42:06, MOVE, v:1, k:fup@omeletao, mode:PICK
2026-05-03 15:42:04, MOVE, v:1, k:fup@omeletao, mode:EDIT
2026-05-03 15:42:04, MOVE, v:1, k:fup@omeletao, mode:EDIT
2026-05-03 15:45:41, MOVE, v:1, k:fup@omeletao, mode:EDIT
2026-05-03 15:46:21, EXEC, v:1, k:fup@omeletao, mode:FULL, rate:16, size:11
2026-05-03 15:46:45, EXEC, v:1, k:fup@omeletao, mode:FULL, size:11, fail:COMP
2026-05-03 15:47:22, EXEC, v:1, k:fup@omeletao, mode:FULL, rate:33, size:13
2026-05-03 15:48:05, EXEC, v:1, k:fup@omeletao, mode:FULL, rate:33, size:15
2026-05-03 15:50:28, EXEC, v:1, k:fup@omeletao, mode:FULL, rate:16, size:11
2026-05-03 15:50:27, MOVE, v:1, k:fup@omeletao, mode:EDIT
2026-05-03 15:50:28, MOVE, v:1, k:fup@omeletao, mode:EDIT
2026-05-03 15:52:56, MOVE, v:1, k:fup@omeletao, mode:BACK
2026-05-03 15:53:23, MOVE, v:1, k:fup@adedonha, mode:DOWN
2026-05-03 15:53:24, MOVE, v:1, k:fup@adedonha, mode:PICK
2026-05-03 15:55:27, MOVE, v:1, k:fup@adedonha, mode:BACK
2026-05-03 15:55:43, MOVE, v:1, k:fup@adedonha, mode:PICK
2026-05-03 15:53:23, MOVE, v:1, k:fup@adedonha, mode:EDIT
2026-05-03 15:53:23, MOVE, v:1, k:fup@adedonha, mode:EDIT
2026-05-03 15:55:21, MOVE, v:1, k:fup@adedonha, mode:EDIT
2026-05-03 15:59:41, MOVE, v:1, k:fup@adedonha, mode:EDIT
2026-05-03 16:05:20, MOVE, v:1, k:fup@adedonha, mode:BACK
2026-05-03 16:10:09, MOVE, v:1, k:fup@monica, mode:DOWN
2026-05-03 16:10:10, MOVE, v:1, k:fup@monica, mode:PICK
2026-05-03 16:10:09, MOVE, v:1, k:fup@monica, mode:EDIT
2026-05-03 16:10:09, MOVE, v:1, k:fup@monica, mode:EDIT
2026-05-03 16:15:35, EXEC, v:1, k:fup@monica, mode:FULL, rate:62, size:10
2026-05-03 16:15:34, MOVE, v:1, k:fup@monica, mode:EDIT
2026-05-03 16:15:35, MOVE, v:1, k:fup@monica, mode:EDIT
2026-05-03 16:17:12, EXEC, v:1, k:fup@monica, mode:FULL, rate:20, size:13
2026-05-03 16:19:17, EXEC, v:1, k:fup@monica, mode:FULL, rate:20, size:13
2026-05-03 16:19:16, MOVE, v:1, k:fup@monica, mode:EDIT
2026-05-03 16:19:17, MOVE, v:1, k:fup@monica, mode:EDIT
