2026-04-28 17:10:30, MOVE, v:1, k:fup@round, mode:DOWN
2026-04-28 17:10:31, MOVE, v:1, k:fup@round, mode:PICK
2026-04-28 17:10:30, MOVE, v:1, k:fup@round, mode:EDIT
2026-04-28 17:10:30, MOVE, v:1, k:fup@round, mode:EDIT
2026-04-28 17:13:37, MOVE, v:1, k:fup@round, mode:EDIT
2026-04-28 17:19:20, EXEC, v:1, k:fup@round, mode:FULL, rate:8, size:17
2026-04-28 17:19:17, MOVE, v:1, k:fup@round, mode:EDIT
2026-04-28 17:19:20, MOVE, v:1, k:fup@round, mode:EDIT
2026-04-28 17:20:06, EXEC, v:1, k:fup@round, mode:FULL, rate:0, size:17
2026-04-28 17:20:46, EXEC, v:1, k:fup@round, mode:FULL, rate:8, size:17
2026-04-28 17:24:24, MOVE, v:1, k:fup@round, mode:EDIT
2026-04-28 17:20:46, MOVE, v:1, k:fup@round, mode:EDIT
2026-04-28 17:25:35, EXEC, v:1, k:fup@round, mode:FULL, rate:100, size:18
2026-04-28 17:25:39, EXEC, v:1, k:fup@round, mode:FULL, rate:100
2026-04-28 17:25:40, EXEC, v:1, k:fup@round, mode:FULL, rate:100
2026-04-28 17:25:41, EXEC, v:1, k:fup@round, mode:FULL, rate:100
2026-04-28 17:25:42, EXEC, v:1, k:fup@round, mode:FULL, rate:100
2026-04-28 17:25:43, EXEC, v:1, k:fup@round, mode:FULL, rate:100
2026-04-28 17:25:45, EXEC, v:1, k:fup@round, mode:FULL, rate:100
2026-04-28 17:25:51, EXEC, v:1, k:fup@round, mode:FULL, rate:100
2026-04-28 17:26:41, MOVE, v:1, k:fup@round, mode:BACK
2026-04-28 17:26:46, SELF, v:1, k:fup@round, self:1, rate:100
2026-04-28 17:26:47, MOVE, v:1, k:fup@round, mode:DOWN
2026-04-28 17:27:27, MOVE, v:1, k:fup@impedido, mode:DOWN
2026-04-28 17:27:28, MOVE, v:1, k:fup@impedido, mode:PICK
2026-04-28 17:28:27, MOVE, v:1, k:fup@impedido, mode:BACK
2026-04-28 17:28:30, MOVE, v:1, k:fup@maximo, mode:DOWN
2026-04-28 17:28:32, MOVE, v:1, k:fup@maximo, mode:PICK
2026-04-28 17:27:27, MOVE, v:1, k:fup@impedido, mode:EDIT
2026-04-28 17:27:27, MOVE, v:1, k:fup@impedido, mode:EDIT
2026-04-28 17:28:30, MOVE, v:1, k:fup@maximo, mode:EDIT
2026-04-28 17:28:30, MOVE, v:1, k:fup@maximo, mode:EDIT
2026-04-28 17:29:20, MOVE, v:1, k:fup@maximo, mode:EDIT
2026-04-28 17:31:03, EXEC, v:1, k:fup@maximo, mode:FULL, rate:100, size:12
2026-04-28 17:31:15, MOVE, v:1, k:fup@maximo, mode:BACK
2026-04-28 17:31:19, SELF, v:1, k:fup@maximo, self:1, rate:100
2026-04-28 17:31:27, MOVE, v:1, k:fup@chaves, mode:DOWN
2026-04-28 17:31:28, MOVE, v:1, k:fup@chaves, mode:PICK
2026-04-28 17:33:40, EXEC, v:1, k:fup@chaves, mode:FULL, rate:100, size:15
2026-04-28 17:33:51, MOVE, v:1, k:fup@chaves, mode:BACK
2026-04-28 17:33:55, SELF, v:1, k:fup@chaves, self:1, rate:100
2026-04-28 17:33:58, MOVE, v:1, k:fup@chute, mode:DOWN
2026-04-28 17:33:58, MOVE, v:1, k:fup@chute, mode:PICK
2026-04-28 17:33:58, MOVE, v:1, k:fup@chute, mode:EDIT
2026-04-28 17:33:58, MOVE, v:1, k:fup@chute, mode:EDIT
2026-04-28 17:38:38, MOVE, v:1, k:fup@chute, mode:EDIT
2026-04-28 17:39:50, MOVE, v:1, k:fup@chute, mode:EDIT
2026-04-28 17:45:13, MOVE, v:1, k:fup@chute, mode:EDIT
2026-04-28 17:49:41, MOVE, v:1, k:fup@chute, mode:BACK
2026-04-28 17:50:35, MOVE, v:1, k:fup@maior, mode:DOWN
2026-04-28 17:50:36, MOVE, v:1, k:fup@maior, mode:PICK
2026-04-28 17:50:35, MOVE, v:1, k:fup@maior, mode:EDIT
2026-04-28 17:50:35, MOVE, v:1, k:fup@maior, mode:EDIT
2026-04-28 17:54:27, MOVE, v:1, k:fup@maior, mode:EDIT
2026-04-28 17:55:37, MOVE, v:1, k:fup@maior, mode:BACK
2026-04-28 17:55:45, MOVE, v:1, k:fup@morangos, mode:DOWN
2026-04-28 17:55:46, MOVE, v:1, k:fup@morangos, mode:PICK
2026-04-28 17:54:35, MOVE, v:1, k:fup@maior, mode:EDIT
2026-04-28 17:55:45, MOVE, v:1, k:fup@morangos, mode:EDIT
2026-04-28 17:55:45, MOVE, v:1, k:fup@morangos, mode:EDIT
2026-04-28 17:55:45, MOVE, v:1, k:fup@morangos, mode:EDIT
2026-04-28 17:57:44, MOVE, v:1, k:fup@morangos, mode:EDIT
2026-04-28 18:02:58, MOVE, v:1, k:fup@morangos, mode:BACK
2026-04-28 18:03:05, MOVE, v:1, k:fup@morangos, mode:PICK
2026-04-28 18:04:02, EXEC, v:1, k:fup@morangos, mode:FULL, rate:100, size:16
2026-04-28 18:04:14, MOVE, v:1, k:fup@morangos, mode:BACK
2026-04-28 18:04:25, SELF, v:1, k:fup@morangos, self:1, rate:100
2026-04-28 18:04:32, MOVE, v:1, k:fup@taxi, mode:DOWN
2026-04-28 18:04:33, MOVE, v:1, k:fup@taxi, mode:PICK
2026-04-28 18:04:32, MOVE, v:1, k:fup@taxi, mode:EDIT
2026-04-28 18:04:32, MOVE, v:1, k:fup@taxi, mode:EDIT
2026-04-28 18:09:25, MOVE, v:1, k:fup@taxi, mode:EDIT
2026-04-28 18:10:30, MOVE, v:1, k:fup@taxi, mode:EDIT
