2026-05-08 15:22:23, MOVE, v:1, k:fup@varetas, mode:PICK
2026-05-08 15:22:28, EXEC, v:1, k:fup@varetas, mode:FULL, rate:0, size:5
2026-05-08 15:22:25, MOVE, v:1, k:fup@varetas, mode:EDIT
2026-05-08 15:27:07, MOVE, v:1, k:fup@varetas, mode:EDIT
2026-05-08 15:29:20, MOVE, v:1, k:fup@varetas, mode:EDIT
2026-05-08 15:33:30, EXEC, v:1, k:fup@varetas, mode:FULL, rate:0, size:18
2026-05-08 15:33:56, EXEC, v:1, k:fup@varetas, mode:FULL, rate:51, size:18
2026-05-08 15:35:34, EXEC, v:1, k:fup@varetas, mode:FULL, rate:0, size:14
2026-05-08 15:36:01, EXEC, v:1, k:fup@varetas, mode:FULL, rate:100, size:14
2026-05-08 15:36:43, MOVE, v:1, k:fup@varetas, mode:BACK
2026-05-08 15:36:46, SELF, v:1, k:fup@varetas, self:1, rate:100
2026-05-08 15:36:48, MOVE, v:1, k:fup@bhaskara, mode:PICK
2026-05-08 15:37:05, EXEC, v:1, k:fup@bhaskara, mode:FULL, rate:0
2026-05-08 15:35:58, MOVE, v:1, k:fup@varetas, mode:EDIT
2026-05-08 15:35:58, MOVE, v:1, k:fup@varetas, mode:EDIT
2026-05-08 15:37:05, MOVE, v:1, k:fup@bhaskara, mode:EDIT
2026-05-08 15:37:14, MOVE, v:1, k:fup@bhaskara, mode:EDIT
2026-05-08 15:42:11, MOVE, v:1, k:fup@bhaskara, mode:EDIT
2026-05-08 15:44:33, EXEC, v:1, k:fup@bhaskara, mode:FULL, rate:0, size:22
2026-05-08 15:46:03, EXEC, v:1, k:fup@bhaskara, mode:FULL, size:22, fail:COMP
2026-05-08 15:46:13, EXEC, v:1, k:fup@bhaskara, mode:FULL, rate:28, size:22
2026-05-08 15:47:01, EXEC, v:1, k:fup@bhaskara, mode:FULL, rate:28, size:22
2026-05-08 15:47:16, EXEC, v:1, k:fup@bhaskara, mode:FULL, rate:28, size:22
2026-05-08 15:47:16, MOVE, v:1, k:fup@bhaskara, mode:EDIT
2026-05-08 15:47:16, MOVE, v:1, k:fup@bhaskara, mode:EDIT
2026-05-08 15:47:44, EXEC, v:1, k:fup@bhaskara, mode:FULL, rate:28, size:22
2026-05-08 15:47:52, EXEC, v:1, k:fup@bhaskara, mode:FULL, rate:71, size:22
2026-05-08 15:49:32, EXEC, v:1, k:fup@bhaskara, mode:FULL, rate:85, size:28
2026-05-08 15:51:10, EXEC, v:1, k:fup@bhaskara, mode:FULL, rate:71, size:29
2026-05-08 15:51:30, MOVE, v:1, k:fup@bhaskara, mode:PICK
2026-05-08 15:51:32, EXEC, v:1, k:fup@bhaskara, mode:FULL, rate:85, size:29
2026-05-08 15:52:31, MOVE, v:1, k:fup@bhaskara, mode:BACK
2026-05-08 15:52:38, SELF, v:1, k:fup@bhaskara, self:1, rate:85
2026-05-08 15:52:56, MOVE, v:1, k:fup@meio, mode:PICK
2026-05-08 15:52:23, MOVE, v:1, k:fup@bhaskara, mode:EDIT
2026-05-08 15:51:32, MOVE, v:1, k:fup@bhaskara, mode:EDIT
2026-05-08 15:55:46, MOVE, v:1, k:fup@meio, mode:EDIT
2026-05-08 15:58:30, EXEC, v:1, k:fup@meio, mode:FULL, rate:10, size:14
2026-05-08 15:59:39, EXEC, v:1, k:fup@meio, mode:FULL, rate:70, size:18
2026-05-08 16:00:06, EXEC, v:1, k:fup@meio, mode:FULL, rate:30, size:18
2026-05-08 16:00:39, MOVE, v:1, k:fup@meio, mode:PICK
2026-05-08 16:00:41, EXEC, v:1, k:fup@meio, mode:FULL, rate:30
2026-05-08 16:00:48, EXEC, v:1, k:fup@meio, mode:FULL, rate:30, size:18
2026-05-08 16:01:10, EXEC, v:1, k:fup@meio, mode:FULL, rate:60, size:18
2026-05-08 16:01:10, MOVE, v:1, k:fup@meio, mode:EDIT
2026-05-08 16:01:09, MOVE, v:1, k:fup@meio, mode:EDIT
2026-05-08 16:07:16, EXEC, v:1, k:fup@meio, mode:FULL, rate:100, size:18
2026-05-08 16:07:18, MOVE, v:1, k:fup@meio, mode:BACK
2026-05-08 16:07:24, SELF, v:1, k:fup@meio, self:1, rate:100
2026-05-08 16:07:24, MOVE, v:1, k:fup@meio, mode:PICK
2026-05-08 16:07:24, EXEC, v:1, k:fup@meio, mode:FULL, rate:100
2026-05-08 16:07:25, MOVE, v:1, k:fup@meio, mode:BACK
2026-05-08 16:08:09, MOVE, v:1, k:fup@bhaskara, mode:PICK
2026-05-08 16:08:12, MOVE, v:1, k:fup@bhaskara, mode:BACK
2026-05-08 16:08:16, MOVE, v:1, k:fup@monica, mode:PICK
2026-05-08 16:08:34, EXEC, v:1, k:fup@monica, mode:FULL, rate:20
2026-05-08 16:07:15, MOVE, v:1, k:fup@meio, mode:EDIT
2026-05-08 16:07:24, MOVE, v:1, k:fup@meio, mode:EDIT
2026-05-08 16:08:34, MOVE, v:1, k:fup@monica, mode:EDIT
2026-05-08 16:10:20, MOVE, v:1, k:fup@monica, mode:EDIT
2026-05-08 16:12:10, EXEC, v:1, k:fup@monica, mode:FULL, rate:87, size:17
2026-05-08 16:13:07, EXEC, v:1, k:fup@monica, mode:FULL, rate:100, size:17
2026-05-08 16:13:09, MOVE, v:1, k:fup@monica, mode:BACK
2026-05-08 16:13:13, SELF, v:1, k:fup@monica, self:1, rate:100
2026-05-08 16:13:23, MOVE, v:1, k:fup@cortada, mode:PICK
2026-05-08 16:13:06, MOVE, v:1, k:fup@monica, mode:EDIT
2026-05-08 16:13:07, MOVE, v:1, k:fup@monica, mode:EDIT
2026-05-08 16:15:18, MOVE, v:1, k:fup@cortada, mode:EDIT
2026-05-08 16:15:59, MOVE, v:1, k:fup@cortada, mode:EDIT
2026-05-08 16:35:27, MOVE, v:1, k:fup@cortada, mode:BACK
2026-05-08 16:35:31, MOVE, v:1, k:fup@drone, mode:DOWN
2026-05-08 16:35:32, MOVE, v:1, k:fup@drone, mode:PICK
2026-05-08 16:35:31, MOVE, v:1, k:fup@drone, mode:EDIT
2026-05-08 16:35:31, MOVE, v:1, k:fup@drone, mode:EDIT
2026-05-08 16:38:02, MOVE, v:1, k:fup@drone, mode:EDIT
2026-05-08 16:42:04, EXEC, v:1, k:fup@drone, mode:FULL, size:11, fail:COMP
2026-05-08 16:43:10, EXEC, v:1, k:fup@drone, mode:FULL, rate:57, size:11
2026-05-08 16:44:05, EXEC, v:1, k:fup@drone, mode:FULL, rate:57, size:13
2026-05-08 16:45:21, MOVE, v:1, k:fup@drone, mode:EDIT
2026-05-08 16:44:04, MOVE, v:1, k:fup@drone, mode:EDIT
2026-05-08 16:45:46, EXEC, v:1, k:fup@drone, mode:FULL, rate:57, size:15
2026-05-08 16:48:45, EXEC, v:1, k:fup@drone, mode:FULL, size:19, fail:COMP
2026-05-08 16:49:03, EXEC, v:1, k:fup@drone, mode:FULL, rate:85, size:23
2026-05-08 16:49:02, MOVE, v:1, k:fup@drone, mode:EDIT
2026-05-08 16:49:03, MOVE, v:1, k:fup@drone, mode:EDIT
2026-05-08 16:52:44, EXEC, v:1, k:fup@drone, mode:FULL, rate:85
2026-05-08 16:53:28, EXEC, v:1, k:fup@drone, mode:FULL, rate:85, size:23
2026-05-08 16:54:07, EXEC, v:1, k:fup@drone, mode:FULL, rate:85, size:23
2026-05-08 16:54:11, EXEC, v:1, k:fup@drone, mode:FULL, rate:85
2026-05-08 16:55:02, EXEC, v:1, k:fup@drone, mode:FULL, rate:85
2026-05-08 16:55:02, MOVE, v:1, k:fup@drone, mode:EDIT
2026-05-08 16:54:57, MOVE, v:1, k:fup@drone, mode:EDIT
2026-05-08 16:55:26, EXEC, v:1, k:fup@drone, mode:FULL, rate:85, size:23
2026-05-08 16:55:35, MOVE, v:1, k:fup@drone, mode:BACK
2026-05-08 16:55:45, SELF, v:1, k:fup@drone, self:1, rate:85
2026-05-08 16:55:58, MOVE, v:1, k:fup@salario, mode:DOWN
2026-05-08 16:55:59, MOVE, v:1, k:fup@salario, mode:PICK
2026-05-08 16:56:18, MOVE, v:1, k:fup@salario, mode:BACK
2026-05-08 16:56:51, MOVE, v:1, k:fup@salario, mode:PICK
2026-05-08 16:55:26, MOVE, v:1, k:fup@drone, mode:EDIT
2026-05-08 16:55:26, MOVE, v:1, k:fup@drone, mode:EDIT
2026-05-08 16:55:58, MOVE, v:1, k:fup@salario, mode:EDIT
2026-05-08 16:55:58, MOVE, v:1, k:fup@salario, mode:EDIT
2026-05-08 16:58:05, MOVE, v:1, k:fup@salario, mode:EDIT
2026-05-08 17:04:27, EXEC, v:1, k:fup@salario, mode:FULL, rate:0, size:12
2026-05-08 17:04:49, EXEC, v:1, k:fup@salario, mode:FULL, rate:0, size:12
2026-05-08 17:05:03, MOVE, v:1, k:fup@salario, mode:EDIT
2026-05-08 17:04:49, MOVE, v:1, k:fup@salario, mode:EDIT
2026-05-08 17:06:26, EXEC, v:1, k:fup@salario, mode:FULL, rate:0, size:12
2026-05-08 17:08:01, EXEC, v:1, k:fup@salario, mode:FULL, rate:12, size:12
2026-05-08 17:08:00, MOVE, v:1, k:fup@salario, mode:EDIT
2026-05-08 17:08:01, MOVE, v:1, k:fup@salario, mode:EDIT
2026-05-08 17:15:20, MOVE, v:1, k:fup@salario, mode:EDIT
2026-05-08 17:15:41, EXEC, v:1, k:fup@salario, mode:FULL, rate:0, size:12
2026-05-08 17:16:03, EXEC, v:1, k:fup@salario, mode:FULL, rate:0, size:12
2026-05-08 17:16:16, EXEC, v:1, k:fup@salario, mode:FULL, rate:0, size:12
2026-05-08 17:16:56, EXEC, v:1, k:fup@salario, mode:FULL, rate:0, size:12
2026-05-08 17:17:35, EXEC, v:1, k:fup@salario, mode:FULL, rate:37, size:12
2026-05-08 17:17:58, MOVE, v:1, k:fup@salario, mode:PICK
2026-05-08 17:19:57, EXEC, v:1, k:fup@salario, mode:FULL, rate:100, size:21
2026-05-08 17:19:59, MOVE, v:1, k:fup@salario, mode:BACK
2026-05-08 17:20:05, SELF, v:1, k:fup@salario, self:1, rate:100
2026-05-08 17:20:19, MOVE, v:1, k:fup@cobra, mode:DOWN
2026-05-08 17:20:20, MOVE, v:1, k:fup@cobra, mode:PICK
2026-05-08 17:19:56, MOVE, v:1, k:fup@salario, mode:EDIT
2026-05-08 17:19:57, MOVE, v:1, k:fup@salario, mode:EDIT
2026-05-08 17:20:19, MOVE, v:1, k:fup@cobra, mode:EDIT
2026-05-08 17:20:19, MOVE, v:1, k:fup@cobra, mode:EDIT
2026-05-08 17:20:19, MOVE, v:1, k:fup@cobra, mode:EDIT
