2026-06-27 16:04:09, MOVE, v:1, k:fup@teleferico, mode:PICK
2026-06-27 16:05:40, MOVE, v:1, k:fup@teleferico, mode:EDIT
2026-06-27 16:12:30, MOVE, v:1, k:fup@teleferico, mode:EDIT
2026-06-27 16:12:40, EXEC, v:1, k:fup@teleferico, mode:FULL, rate:0, size:13
2026-06-27 16:12:58, EXEC, v:1, k:fup@teleferico, mode:FULL, rate:12, size:13
2026-06-27 16:13:27, EXEC, v:1, k:fup@teleferico, mode:FULL, rate:37, size:13
2026-06-27 16:15:26, EXEC, v:1, k:fup@teleferico, mode:FULL, rate:100, size:15
2026-06-27 16:15:27, MOVE, v:1, k:fup@teleferico, mode:BACK
2026-06-27 16:15:31, SELF, v:1, k:fup@teleferico, self:1, rate:100
2026-06-27 16:15:36, MOVE, v:1, k:fup@goiabas, mode:PICK
2026-06-27 16:16:59, MOVE, v:1, k:fup@goiabas, mode:BACK
2026-06-27 16:17:09, MOVE, v:1, k:fup@goiabas, mode:PICK
2026-06-27 16:15:21, MOVE, v:1, k:fup@teleferico, mode:EDIT
2026-06-27 16:15:25, MOVE, v:1, k:fup@teleferico, mode:EDIT
2026-06-27 16:16:28, MOVE, v:1, k:fup@goiabas, mode:EDIT
2026-06-27 16:22:27, MOVE, v:1, k:fup@goiabas, mode:EDIT
2026-06-27 16:25:46, EXEC, v:1, k:fup@goiabas, mode:FULL, rate:12, size:14
2026-06-27 16:26:33, EXEC, v:1, k:fup@goiabas, mode:FULL, rate:25, size:16
2026-06-27 16:26:50, EXEC, v:1, k:fup@goiabas, mode:FULL, rate:25, size:16
2026-06-27 16:27:18, EXEC, v:1, k:fup@goiabas, mode:FULL, rate:25, size:16
2026-06-27 16:27:14, MOVE, v:1, k:fup@goiabas, mode:EDIT
2026-06-27 16:27:17, MOVE, v:1, k:fup@goiabas, mode:EDIT
2026-06-27 16:28:29, EXEC, v:1, k:fup@goiabas, mode:FULL, rate:25, size:18
2026-06-27 16:28:38, EXEC, v:1, k:fup@goiabas, mode:FULL, rate:50, size:18
2026-06-27 16:30:25, EXEC, v:1, k:fup@goiabas, mode:FULL, rate:25, size:18
2026-06-27 16:30:34, EXEC, v:1, k:fup@goiabas, mode:FULL, rate:50, size:20
2026-06-27 16:31:56, EXEC, v:1, k:fup@goiabas, mode:FULL, rate:87, size:18
2026-06-27 16:31:52, MOVE, v:1, k:fup@goiabas, mode:EDIT
2026-06-27 16:31:55, MOVE, v:1, k:fup@goiabas, mode:EDIT
2026-06-27 16:32:43, EXEC, v:1, k:fup@goiabas, mode:FULL, rate:87, size:16
2026-06-27 16:34:28, EXEC, v:1, k:fup@goiabas, mode:FULL, rate:100, size:16
2026-06-27 16:34:29, MOVE, v:1, k:fup@goiabas, mode:BACK
2026-06-27 16:34:33, SELF, v:1, k:fup@goiabas, self:1, rate:100
2026-06-27 16:35:28, MOVE, v:1, k:fup@quadrado, mode:PICK
2026-06-27 16:35:55, EXEC, v:1, k:fup@quadrado, mode:FULL, rate:100
2026-06-27 16:37:22, MOVE, v:1, k:fup@quadrado, mode:BACK
2026-06-27 16:34:26, MOVE, v:1, k:fup@goiabas, mode:EDIT
2026-06-27 16:34:28, MOVE, v:1, k:fup@goiabas, mode:EDIT
2026-06-27 16:35:54, MOVE, v:1, k:fup@quadrado, mode:EDIT
2026-06-27 16:36:37, MOVE, v:1, k:fup@quadrado, mode:EDIT
2026-06-27 17:20:06, MOVE, v:1, k:eval1@bala, mode:PICK
2026-06-27 17:20:10, EXEC, v:1, k:eval1@bala, mode:FULL, rate:100
2026-06-27 17:20:11, MOVE, v:1, k:eval1@bala, mode:BACK
2026-06-27 17:20:17, MOVE, v:1, k:eval1@monica, mode:PICK
2026-06-27 17:20:22, EXEC, v:1, k:eval1@monica, mode:FULL, rate:100
2026-06-27 17:20:22, MOVE, v:1, k:eval1@monica, mode:BACK
2026-06-27 17:20:29, SELF, v:1, k:eval1@monica, self:1, rate:100
2026-06-27 17:20:35, SELF, v:1, k:eval1@bala, self:1, rate:100
2026-06-27 17:20:42, MOVE, v:1, k:eval1@mumia, mode:PICK
2026-06-27 17:21:33, EXEC, v:1, k:eval1@mumia, mode:FULL, rate:0, size:13
2026-06-27 17:21:39, EXEC, v:1, k:eval1@mumia, mode:FULL, rate:0, size:13
2026-06-27 17:21:53, EXEC, v:1, k:eval1@mumia, mode:FULL, rate:0, size:13
2026-06-27 17:22:35, EXEC, v:1, k:eval1@mumia, mode:FULL, rate:22, size:13
2026-06-27 17:20:09, MOVE, v:1, k:eval1@bala, mode:EDIT
2026-06-27 17:20:20, MOVE, v:1, k:eval1@monica, mode:EDIT
2026-06-27 17:24:20, MOVE, v:1, k:eval1@mumia, mode:EDIT
2026-06-27 17:22:34, MOVE, v:1, k:eval1@mumia, mode:EDIT
2026-06-27 17:25:09, EXEC, v:1, k:eval1@mumia, mode:FULL, rate:22, size:21
2026-06-27 17:25:29, EXEC, v:1, k:eval1@mumia, mode:FULL, size:21, fail:COMP
2026-06-27 17:25:39, EXEC, v:1, k:eval1@mumia, mode:FULL, rate:22, size:21
2026-06-27 17:26:15, EXEC, v:1, k:eval1@mumia, mode:FULL, rate:22, size:21
2026-06-27 17:26:26, EXEC, v:1, k:eval1@mumia, mode:FULL, rate:22, size:21
2026-06-27 17:26:48, EXEC, v:1, k:eval1@mumia, mode:FULL, rate:55, size:21
2026-06-27 17:27:04, EXEC, v:1, k:eval1@mumia, mode:FULL, rate:55, size:21
2026-06-27 17:27:30, EXEC, v:1, k:eval1@mumia, mode:FULL, rate:55, size:21
2026-06-27 17:27:46, EXEC, v:1, k:eval1@mumia, mode:FULL, rate:66, size:21
2026-06-27 17:28:04, EXEC, v:1, k:eval1@mumia, mode:FULL, rate:100, size:21
2026-06-27 17:28:05, MOVE, v:1, k:eval1@mumia, mode:BACK
2026-06-27 17:28:09, SELF, v:1, k:eval1@mumia, self:1, rate:100
2026-06-27 17:28:27, MOVE, v:1, k:eval1@pares, mode:PICK
2026-06-27 17:29:26, MOVE, v:1, k:eval1@pares, mode:PICK
2026-06-27 17:33:16, EXEC, v:1, k:eval1@pares, mode:FULL, rate:0, size:20
2026-06-27 17:33:29, EXEC, v:1, k:eval1@pares, mode:FULL, rate:14, size:20
2026-06-27 17:34:00, MOVE, v:1, k:eval1@pares, mode:EDIT
2026-06-27 17:33:28, MOVE, v:1, k:eval1@pares, mode:EDIT
2026-06-27 17:34:50, EXEC, v:1, k:eval1@pares, mode:FULL, rate:14, size:20
2026-06-27 17:35:04, EXEC, v:1, k:eval1@pares, mode:FULL, rate:14, size:20
2026-06-27 17:35:31, EXEC, v:1, k:eval1@pares, mode:FULL, rate:42, size:20
2026-06-27 17:36:09, MOVE, v:1, k:eval1@pares, mode:EDIT
2026-06-27 17:35:30, MOVE, v:1, k:eval1@pares, mode:EDIT
2026-06-27 17:41:20, EXEC, v:1, k:eval1@pares, mode:FULL, rate:57, size:20
2026-06-27 17:41:57, EXEC, v:1, k:eval1@pares, mode:FULL, rate:100, size:20
2026-06-27 17:41:58, MOVE, v:1, k:eval1@pares, mode:BACK
2026-06-27 17:42:01, SELF, v:1, k:eval1@pares, self:1, rate:100
2026-06-27 17:42:05, MOVE, v:1, k:eval1@ceu, mode:PICK
2026-06-27 17:41:52, MOVE, v:1, k:eval1@pares, mode:EDIT
2026-06-27 17:41:56, MOVE, v:1, k:eval1@pares, mode:EDIT
2026-06-27 17:44:21, MOVE, v:1, k:eval1@ceu, mode:EDIT
2026-06-27 17:47:44, MOVE, v:1, k:eval1@ceu, mode:BACK
