2026-06-17 01:14:07, MOVE, v:1, k:fup@apertada, mode:PICK
2026-06-17 01:14:13, EXEC, v:1, k:fup@apertada, mode:FULL, rate:40
2026-06-17 01:14:13, MOVE, v:1, k:fup@apertada, mode:EDIT
2026-06-17 01:18:58, MOVE, v:1, k:fup@apertada, mode:EDIT
2026-06-17 01:20:12, EXEC, v:1, k:fup@apertada, mode:FULL, rate:100, size:19
2026-06-17 01:20:14, MOVE, v:1, k:fup@apertada, mode:BACK
2026-06-17 01:20:18, SELF, v:1, k:fup@apertada, self:1, rate:100
2026-06-17 01:20:22, MOVE, v:1, k:fup@patas, mode:PICK
2026-06-17 01:20:42, EXEC, v:1, k:fup@patas, mode:FULL, rate:85
2026-06-17 01:23:51, EXEC, v:1, k:fup@patas, mode:FULL, rate:100, size:42
2026-06-17 01:20:09, MOVE, v:1, k:fup@apertada, mode:EDIT
2026-06-17 01:20:12, MOVE, v:1, k:fup@apertada, mode:EDIT
2026-06-17 01:23:51, MOVE, v:1, k:fup@patas, mode:EDIT
2026-06-17 01:23:50, MOVE, v:1, k:fup@patas, mode:EDIT
2026-06-17 01:24:41, MOVE, v:1, k:fup@patas, mode:BACK
2026-06-17 01:24:47, SELF, v:1, k:fup@patas, self:1, rate:100
2026-06-17 01:24:58, MOVE, v:1, k:fup@dindin, mode:PICK
2026-06-17 01:28:50, MOVE, v:1, k:fup@dindin, mode:EDIT
2026-06-17 01:33:57, MOVE, v:1, k:fup@dindin, mode:EDIT
2026-06-17 01:38:30, EXEC, v:1, k:fup@dindin, mode:FULL, size:35, fail:COMP
2026-06-17 01:38:50, EXEC, v:1, k:fup@dindin, mode:FULL, rate:0, size:35
2026-06-17 01:38:49, MOVE, v:1, k:fup@dindin, mode:EDIT
2026-06-17 01:38:50, MOVE, v:1, k:fup@dindin, mode:EDIT
2026-06-17 01:39:29, EXEC, v:1, k:fup@dindin, mode:FULL, rate:0, size:35
2026-06-17 01:40:10, EXEC, v:1, k:fup@dindin, mode:FULL, rate:12, size:43
2026-06-17 01:43:04, EXEC, v:1, k:fup@dindin, mode:FULL, rate:100, size:63
2026-06-17 01:43:51, MOVE, v:1, k:fup@dindin, mode:BACK
2026-06-17 01:43:55, SELF, v:1, k:fup@dindin, self:1, rate:100
2026-06-17 01:43:38, MOVE, v:1, k:fup@dindin, mode:EDIT
2026-06-17 01:43:03, MOVE, v:1, k:fup@dindin, mode:EDIT
2026-06-17 01:44:08, MOVE, v:1, k:fup@batraquios, mode:PICK
2026-06-17 01:44:25, EXEC, v:1, k:fup@batraquios, mode:FULL, rate:14
2026-06-17 01:44:25, MOVE, v:1, k:fup@batraquios, mode:EDIT
2026-06-17 01:51:09, EXEC, v:1, k:fup@batraquios, mode:FULL, rate:0, size:25
2026-06-17 01:53:57, MOVE, v:1, k:fup@batraquios, mode:EDIT
2026-06-17 01:51:09, MOVE, v:1, k:fup@batraquios, mode:EDIT
2026-06-17 01:58:58, MOVE, v:1, k:fup@batraquios, mode:EDIT
2026-06-17 02:02:13, EXEC, v:1, k:fup@batraquios, mode:FULL, size:34, fail:COMP
2026-06-17 02:02:20, EXEC, v:1, k:fup@batraquios, mode:FULL, rate:0, size:34
2026-06-17 02:04:00, MOVE, v:1, k:fup@batraquios, mode:EDIT
2026-06-17 02:02:20, MOVE, v:1, k:fup@batraquios, mode:EDIT
2026-06-17 02:04:18, EXEC, v:1, k:fup@batraquios, mode:FULL, rate:0, size:37
2026-06-17 02:06:55, EXEC, v:1, k:fup@batraquios, mode:FULL, rate:0, size:34
2026-06-17 02:08:04, MOVE, v:1, k:fup@batraquios, mode:EDIT
2026-06-17 02:06:55, MOVE, v:1, k:fup@batraquios, mode:EDIT
2026-06-17 02:10:29, EXEC, v:1, k:fup@batraquios, mode:FULL, rate:0, size:37
2026-06-17 02:11:54, EXEC, v:1, k:fup@batraquios, mode:FULL, rate:42, size:37
2026-06-17 02:13:55, EXEC, v:1, k:fup@batraquios, mode:FULL, rate:100, size:41
2026-06-17 02:13:57, MOVE, v:1, k:fup@batraquios, mode:BACK
2026-06-17 02:14:02, SELF, v:1, k:fup@batraquios, self:1, rate:100
2026-06-17 02:13:36, MOVE, v:1, k:fup@batraquios, mode:EDIT
2026-06-17 02:13:55, MOVE, v:1, k:fup@batraquios, mode:EDIT
2026-06-17 02:15:01, MOVE, v:1, k:fup@impar, mode:PICK
2026-06-17 02:16:29, EXEC, v:1, k:fup@impar, mode:FULL, rate:100, size:26
2026-06-17 02:16:31, MOVE, v:1, k:fup@impar, mode:BACK
2026-06-17 02:16:36, SELF, v:1, k:fup@impar, self:1, rate:100
2026-06-17 02:16:42, MOVE, v:1, k:fup@jokenpo, mode:PICK
2026-06-17 02:17:39, EXEC, v:1, k:fup@jokenpo, mode:FULL, rate:100, size:17
2026-06-17 02:17:41, MOVE, v:1, k:fup@jokenpo, mode:BACK
2026-06-17 02:17:46, SELF, v:1, k:fup@jokenpo, self:1, rate:100
2026-06-17 02:18:10, MOVE, v:1, k:fup@bhaskara, mode:PICK
2026-06-17 02:18:57, EXEC, v:1, k:fup@bhaskara, mode:FULL, rate:85, size:25
2026-06-17 02:19:00, EXEC, v:1, k:fup@bhaskara, mode:FULL, rate:85
2026-06-17 02:19:48, EXEC, v:1, k:fup@bhaskara, mode:FULL, rate:100, size:34
2026-06-17 02:19:49, MOVE, v:1, k:fup@bhaskara, mode:BACK
2026-06-17 02:19:53, SELF, v:1, k:fup@bhaskara, self:1, rate:100
2026-06-17 02:20:04, MOVE, v:1, k:fup@drone, mode:PICK
2026-06-17 02:20:59, EXEC, v:1, k:fup@drone, mode:FULL, rate:100, size:20
2026-06-17 02:21:00, MOVE, v:1, k:fup@drone, mode:BACK
2026-06-17 02:21:10, SELF, v:1, k:fup@drone, self:1, rate:100
